[2025-05-28 19:16:07,275]::3184030073::DEBUG::=============/ssd_data/extract_kr_15frame_v_a/data/train_set.dat+Video Vision Transformer Strat!=============
[2025-05-28 19:17:32,229]::3184030073::DEBUG::=============/ssd_data/extract_kr_15frame_v_a/data/train_set.dat+Video Vision Transformer Strat!=============
[2025-05-28 19:18:38,817]::3184030073::DEBUG::=============/ssd_data/extract_kr_15frame_v_a/data/train_set.dat+Video Vision Transformer Strat!=============
[2025-05-28 19:22:13,215]::3184030073::DEBUG::=============/ssd_data/extract_kr_15frame_v_a/data/train_set.dat+Video Vision Transformer Strat!=============
[2025-05-28 19:25:25,608]::3184030073::DEBUG::=============/ssd_data/extract_kr_15frame_v_a/data/train_set.dat+Video Vision Transformer Strat!=============
[2025-05-28 19:28:20,799]::3184030073::DEBUG::=============/ssd_data/extract_kr_15frame_v_a/data/train_set.dat+Video Vision Transformer Strat!=============
[2025-05-28 19:29:29,644]::3184030073::DEBUG::=============/ssd_data/extract_kr_15frame_v_a/data/train_set.dat+Video Vision Transformer Strat!=============
[2025-05-28 19:30:21,035]::3184030073::DEBUG::=============/ssd_data/extract_kr_15frame_v_a/data/train_set.dat+Video Vision Transformer Strat!=============
[2025-05-28 19:33:00,326]::3184030073::DEBUG::=============/ssd_data/extract_kr_15frame_v_a/data/train_set.dat+Video Vision Transformer Strat!=============
[2025-05-28 19:35:30,563]::3184030073::DEBUG::=============/ssd_data/extract_kr_15frame_v_a/data/train_set.dat+Video Vision Transformer Strat!=============
[2025-05-28 19:36:20,365]::3184030073::DEBUG::=============/ssd_data/extract_kr_15frame_v_a/data/train_set.dat+Video Vision Transformer Strat!=============
[2025-05-28 19:37:41,840]::3184030073::DEBUG::=============/ssd_data/extract_kr_15frame_v_a/data/train_set.dat+Video Vision Transformer Strat!=============
[2025-05-28 19:38:44,694]::3184030073::DEBUG::=============/ssd_data/extract_kr_15frame_v_a/data/train_set.dat+Video Vision Transformer Strat!=============
[2025-05-28 19:39:42,430]::3184030073::DEBUG::=============/ssd_data/extract_kr_15frame_v_a/data/train_set.dat+Video Vision Transformer Strat!=============
[2025-05-28 19:40:53,934]::3184030073::DEBUG::=============/ssd_data/extract_kr_15frame_v_a/data/train_set.dat+Video Vision Transformer Strat!=============
[2025-05-28 19:41:41,538]::3184030073::DEBUG::=============/ssd_data/extract_kr_15frame_v_a/data/train_set.dat+Video Vision Transformer Strat!=============
[2025-05-28 19:43:27,145]::3184030073::DEBUG::=============/ssd_data/extract_kr_15frame_v_a/data/train_set.dat+Video Vision Transformer Strat!=============
[2025-05-28 19:45:56,615]::3184030073::DEBUG::=============/ssd_data/extract_kr_15frame_v_a/data/train_set.dat+Video Vision Transformer Strat!=============
[2025-05-28 19:46:33,678]::3184030073::DEBUG::=============/ssd_data/extract_kr_15frame_v_a/data/train_set.dat+Video Vision Transformer Strat!=============
[2025-05-28 19:47:40,020]::3184030073::DEBUG::=============/ssd_data/extract_kr_15frame_v_a/data/train_set.dat+Video Vision Transformer Strat!=============
[2025-05-28 19:48:36,681]::3184030073::DEBUG::=============/ssd_data/extract_kr_15frame_v_a/data/train_set.dat+Video Vision Transformer Strat!=============
[2025-05-28 19:52:32,380]::3184030073::DEBUG::=============/ssd_data/extract_kr_15frame_v_a/data/train_set.dat+Video Vision Transformer Strat!=============
[2025-05-28 19:53:12,389]::3184030073::DEBUG::=============/ssd_data/extract_kr_15frame_v_a/data/train_set.dat+Video Vision Transformer Strat!=============
[2025-05-28 19:54:01,009]::3184030073::DEBUG::=============/ssd_data/extract_kr_15frame_v_a/data/train_set.dat+Video Vision Transformer Strat!=============
[2025-05-28 20:03:10,195]::3184030073::DEBUG::=============/ssd_data/extract_kr_15frame_v_a/data/train_set.dat+Video Vision Transformer Strat!=============
[2025-05-28 20:04:13,590]::3184030073::DEBUG::=============/ssd_data/extract_kr_15frame_v_a/data/train_set.dat+Video Vision Transformer Strat!=============
[2025-05-28 20:05:06,788]::3184030073::DEBUG::=============/ssd_data/extract_kr_15frame_v_a/data/train_set.dat+Video Vision Transformer Strat!=============
[2025-05-28 20:06:17,794]::3184030073::DEBUG::=============/ssd_data/extract_kr_15frame_v_a/data/train_set.dat+Video Vision Transformer Strat!=============
[2025-05-28 20:10:34,554]::3184030073::DEBUG::=============/ssd_data/extract_kr_15frame_v_a/data/train_set.dat+Video Vision Transformer Strat!=============
[2025-05-28 20:11:53,199]::3184030073::DEBUG::=============/ssd_data/extract_kr_15frame_v_a/data/train_set.dat+Video Vision Transformer Strat!=============
[2025-05-28 20:12:43,671]::3184030073::DEBUG::=============/ssd_data/extract_kr_15frame_v_a/data/train_set.dat+Video Vision Transformer Strat!=============
[2025-05-28 20:14:12,716]::3184030073::DEBUG::=============/ssd_data/extract_kr_15frame_v_a/data/train_set.dat+Video Vision Transformer Strat!=============
[2025-05-28 20:14:24,017]::3184030073::DEBUG::=============/ssd_data/extract_kr_15frame_v_a/data/train_set.dat+Video Vision Transformer Strat!=============
[2025-05-28 20:14:50,717]::3184030073::DEBUG::=============/ssd_data/extract_kr_15frame_v_a/data/train_set.dat+Video Vision Transformer Strat!=============
[2025-05-28 20:15:18,304]::3184030073::DEBUG::=============/ssd_data/extract_kr_15frame_v_a/data/train_set.dat+Video Vision Transformer Strat!=============
[2025-05-28 20:16:14,139]::3184030073::DEBUG::=============/ssd_data/extract_kr_15frame_v_a/data/train_set.dat+Video Vision Transformer Strat!=============
[2025-05-28 20:17:08,810]::3184030073::DEBUG::=============/ssd_data/extract_kr_15frame_v_a/data/train_set.dat+Video Vision Transformer Strat!=============
[2025-05-28 20:17:52,871]::3184030073::DEBUG::=============/ssd_data/extract_kr_15frame_v_a/data/train_set.dat+Video Vision Transformer Strat!=============
[2025-05-28 20:18:42,260]::3184030073::DEBUG::=============/ssd_data/extract_kr_15frame_v_a/data/train_set.dat+Video Vision Transformer Strat!=============
[2025-05-28 20:19:09,886]::3184030073::DEBUG::=============/ssd_data/extract_kr_15frame_v_a/data/train_set.dat+Video Vision Transformer Strat!=============
[2025-05-28 20:19:49,530]::3184030073::DEBUG::=============/ssd_data/extract_kr_15frame_v_a/data/train_set.dat+Video Vision Transformer Strat!=============
[2025-05-28 20:20:03,908]::3184030073::DEBUG::=============/ssd_data/extract_kr_15frame_v_a/data/train_set.dat+Video Vision Transformer Strat!=============
[2025-05-28 20:39:12,158]::3184030073::DEBUG::=============/home/oem/qx/KETIdatamodel516/extract_kr_15frame_v_a/data+Video Vision Transformer Strat!=============
[2025-05-28 20:39:48,917]::3184030073::DEBUG::=============/home/oem/qx/KETIdatamodel516/extract_kr_15frame_v_a/data+Video Vision Transformer Strat!=============
[2025-05-28 20:43:47,735]::3117675266::DEBUG::Epoch: 1 , 1-MAE: -71.8232 , 1-Training Loss: -74.0568 , 1-val_avg_o_loss:-75.9470 , 1-val_avg_c_loss:-78.2877 , 1-val_avg_e_loss:-70.0240 , 1-val_avg_a_loss:-74.5485 , 1-val_avg_n_loss:-60.3089
[2025-05-28 20:44:53,951]::456791383::DEBUG::=============/home/oem/qx/KETIdatamodel516/extract_kr_15frame_v_a/data+Video Vision Transformer Strat!=============
[2025-05-28 20:46:26,779]::456791383::DEBUG::=============/home/oem/qx/KETIdatamodel516/extract_kr_15frame_v_a/data+Video Vision Transformer Strat!=============
[2025-05-28 20:47:51,532]::456791383::DEBUG::=============/home/oem/qx/KETIdatamodel516/extract_kr_15frame_v_a/data+Video Vision Transformer Strat!=============
[2025-05-28 20:48:22,653]::456791383::DEBUG::=============/home/oem/qx/KETIdatamodel516/extract_kr_15frame_v_a/data+Video Vision Transformer Strat!=============
[2025-05-28 20:49:13,006]::456791383::DEBUG::=============/home/oem/qx/KETIdatamodel516/extract_kr_15frame_v_a/data+Video Vision Transformer Strat!=============
[2025-05-28 20:52:32,938]::2022985491::DEBUG::=============/home/oem/qx/KETIdatamodel516/extract_kr_15frame_v_a/data+Video Vision Transformer Strat!=============
[2025-05-28 20:55:38,289]::3117675266::DEBUG::Epoch: 1 , 1-MAE: 0.9089 , 1-Training Loss: 0.9061 , 1-val_avg_o_loss:0.9106 , 1-val_avg_c_loss:0.9060 , 1-val_avg_e_loss:0.8942 , 1-val_avg_a_loss:0.9313 , 1-val_avg_n_loss:0.9026
[2025-05-28 20:58:40,240]::3117675266::DEBUG::Epoch: 2 , 1-MAE: 0.9117 , 1-Training Loss: 0.9342 , 1-val_avg_o_loss:0.9143 , 1-val_avg_c_loss:0.9152 , 1-val_avg_e_loss:0.8934 , 1-val_avg_a_loss:0.9276 , 1-val_avg_n_loss:0.9078
[2025-05-28 21:01:41,199]::3117675266::DEBUG::Epoch: 3 , 1-MAE: 0.9084 , 1-Training Loss: 0.9453 , 1-val_avg_o_loss:0.9113 , 1-val_avg_c_loss:0.9081 , 1-val_avg_e_loss:0.8949 , 1-val_avg_a_loss:0.9305 , 1-val_avg_n_loss:0.8972
[2025-05-28 21:04:41,863]::3117675266::DEBUG::Epoch: 4 , 1-MAE: 0.9089 , 1-Training Loss: 0.9526 , 1-val_avg_o_loss:0.9066 , 1-val_avg_c_loss:0.9036 , 1-val_avg_e_loss:0.8952 , 1-val_avg_a_loss:0.9305 , 1-val_avg_n_loss:0.9087
[2025-05-28 21:07:42,678]::3117675266::DEBUG::Epoch: 5 , 1-MAE: 0.9119 , 1-Training Loss: 0.9589 , 1-val_avg_o_loss:0.9147 , 1-val_avg_c_loss:0.9132 , 1-val_avg_e_loss:0.8963 , 1-val_avg_a_loss:0.9288 , 1-val_avg_n_loss:0.9065
[2025-05-28 21:10:43,931]::3117675266::DEBUG::Epoch: 6 , 1-MAE: 0.9075 , 1-Training Loss: 0.9638 , 1-val_avg_o_loss:0.9146 , 1-val_avg_c_loss:0.9111 , 1-val_avg_e_loss:0.8851 , 1-val_avg_a_loss:0.9296 , 1-val_avg_n_loss:0.8970
[2025-05-28 21:13:44,799]::3117675266::DEBUG::Epoch: 7 , 1-MAE: 0.9115 , 1-Training Loss: 0.9664 , 1-val_avg_o_loss:0.9123 , 1-val_avg_c_loss:0.9124 , 1-val_avg_e_loss:0.8931 , 1-val_avg_a_loss:0.9320 , 1-val_avg_n_loss:0.9076
[2025-05-28 21:16:45,850]::3117675266::DEBUG::Epoch: 8 , 1-MAE: 0.9109 , 1-Training Loss: 0.9683 , 1-val_avg_o_loss:0.9095 , 1-val_avg_c_loss:0.9123 , 1-val_avg_e_loss:0.8921 , 1-val_avg_a_loss:0.9319 , 1-val_avg_n_loss:0.9086
[2025-05-28 21:19:47,251]::3117675266::DEBUG::Epoch: 9 , 1-MAE: 0.9121 , 1-Training Loss: 0.9713 , 1-val_avg_o_loss:0.9167 , 1-val_avg_c_loss:0.9124 , 1-val_avg_e_loss:0.8904 , 1-val_avg_a_loss:0.9346 , 1-val_avg_n_loss:0.9066
[2025-05-28 21:22:48,679]::3117675266::DEBUG::Epoch: 10 , 1-MAE: 0.9122 , 1-Training Loss: 0.9730 , 1-val_avg_o_loss:0.9149 , 1-val_avg_c_loss:0.9079 , 1-val_avg_e_loss:0.8981 , 1-val_avg_a_loss:0.9305 , 1-val_avg_n_loss:0.9097
[2025-05-28 21:25:49,663]::3117675266::DEBUG::Epoch: 11 , 1-MAE: 0.9109 , 1-Training Loss: 0.9742 , 1-val_avg_o_loss:0.9088 , 1-val_avg_c_loss:0.9124 , 1-val_avg_e_loss:0.8944 , 1-val_avg_a_loss:0.9327 , 1-val_avg_n_loss:0.9062
[2025-05-28 21:28:50,267]::3117675266::DEBUG::Epoch: 12 , 1-MAE: 0.9080 , 1-Training Loss: 0.9759 , 1-val_avg_o_loss:0.9146 , 1-val_avg_c_loss:0.9125 , 1-val_avg_e_loss:0.8929 , 1-val_avg_a_loss:0.9285 , 1-val_avg_n_loss:0.8915
[2025-05-28 21:31:51,834]::3117675266::DEBUG::Epoch: 13 , 1-MAE: 0.9123 , 1-Training Loss: 0.9764 , 1-val_avg_o_loss:0.9144 , 1-val_avg_c_loss:0.9136 , 1-val_avg_e_loss:0.8965 , 1-val_avg_a_loss:0.9337 , 1-val_avg_n_loss:0.9031
[2025-05-28 21:34:52,926]::3117675266::DEBUG::Epoch: 14 , 1-MAE: 0.9108 , 1-Training Loss: 0.9776 , 1-val_avg_o_loss:0.9114 , 1-val_avg_c_loss:0.9083 , 1-val_avg_e_loss:0.8931 , 1-val_avg_a_loss:0.9322 , 1-val_avg_n_loss:0.9092
[2025-05-28 21:37:54,196]::3117675266::DEBUG::Epoch: 15 , 1-MAE: 0.9103 , 1-Training Loss: 0.9781 , 1-val_avg_o_loss:0.9130 , 1-val_avg_c_loss:0.9113 , 1-val_avg_e_loss:0.8906 , 1-val_avg_a_loss:0.9326 , 1-val_avg_n_loss:0.9038
[2025-05-28 21:40:55,513]::3117675266::DEBUG::Epoch: 16 , 1-MAE: 0.9112 , 1-Training Loss: 0.9780 , 1-val_avg_o_loss:0.9110 , 1-val_avg_c_loss:0.9116 , 1-val_avg_e_loss:0.8951 , 1-val_avg_a_loss:0.9324 , 1-val_avg_n_loss:0.9058
[2025-05-28 21:43:56,753]::3117675266::DEBUG::Epoch: 17 , 1-MAE: 0.9115 , 1-Training Loss: 0.9792 , 1-val_avg_o_loss:0.9153 , 1-val_avg_c_loss:0.9138 , 1-val_avg_e_loss:0.8974 , 1-val_avg_a_loss:0.9350 , 1-val_avg_n_loss:0.8962
[2025-05-28 21:46:59,232]::3117675266::DEBUG::Epoch: 18 , 1-MAE: 0.9123 , 1-Training Loss: 0.9797 , 1-val_avg_o_loss:0.9085 , 1-val_avg_c_loss:0.9112 , 1-val_avg_e_loss:0.8987 , 1-val_avg_a_loss:0.9322 , 1-val_avg_n_loss:0.9110
[2025-05-28 21:50:01,347]::3117675266::DEBUG::Epoch: 19 , 1-MAE: 0.9132 , 1-Training Loss: 0.9808 , 1-val_avg_o_loss:0.9132 , 1-val_avg_c_loss:0.9138 , 1-val_avg_e_loss:0.8982 , 1-val_avg_a_loss:0.9310 , 1-val_avg_n_loss:0.9099
[2025-05-28 21:53:02,400]::3117675266::DEBUG::Epoch: 20 , 1-MAE: 0.9113 , 1-Training Loss: 0.9802 , 1-val_avg_o_loss:0.9143 , 1-val_avg_c_loss:0.9134 , 1-val_avg_e_loss:0.8963 , 1-val_avg_a_loss:0.9272 , 1-val_avg_n_loss:0.9053
[2025-05-28 21:56:04,224]::3117675266::DEBUG::Epoch: 21 , 1-MAE: 0.9139 , 1-Training Loss: 0.9814 , 1-val_avg_o_loss:0.9157 , 1-val_avg_c_loss:0.9108 , 1-val_avg_e_loss:0.8976 , 1-val_avg_a_loss:0.9352 , 1-val_avg_n_loss:0.9102
[2025-05-28 21:59:05,387]::3117675266::DEBUG::Epoch: 22 , 1-MAE: 0.9133 , 1-Training Loss: 0.9822 , 1-val_avg_o_loss:0.9142 , 1-val_avg_c_loss:0.9159 , 1-val_avg_e_loss:0.8962 , 1-val_avg_a_loss:0.9327 , 1-val_avg_n_loss:0.9078
[2025-05-28 22:02:06,807]::3117675266::DEBUG::Epoch: 23 , 1-MAE: 0.9116 , 1-Training Loss: 0.9812 , 1-val_avg_o_loss:0.9098 , 1-val_avg_c_loss:0.9116 , 1-val_avg_e_loss:0.8924 , 1-val_avg_a_loss:0.9353 , 1-val_avg_n_loss:0.9087
[2025-05-28 22:05:07,822]::3117675266::DEBUG::Epoch: 24 , 1-MAE: 0.9123 , 1-Training Loss: 0.9833 , 1-val_avg_o_loss:0.9147 , 1-val_avg_c_loss:0.9142 , 1-val_avg_e_loss:0.8968 , 1-val_avg_a_loss:0.9337 , 1-val_avg_n_loss:0.9020
[2025-05-28 22:08:09,162]::3117675266::DEBUG::Epoch: 25 , 1-MAE: 0.9123 , 1-Training Loss: 0.9830 , 1-val_avg_o_loss:0.9086 , 1-val_avg_c_loss:0.9134 , 1-val_avg_e_loss:0.8968 , 1-val_avg_a_loss:0.9334 , 1-val_avg_n_loss:0.9093
[2025-05-28 22:11:10,375]::3117675266::DEBUG::Epoch: 26 , 1-MAE: 0.9138 , 1-Training Loss: 0.9828 , 1-val_avg_o_loss:0.9157 , 1-val_avg_c_loss:0.9137 , 1-val_avg_e_loss:0.8970 , 1-val_avg_a_loss:0.9334 , 1-val_avg_n_loss:0.9092
[2025-05-28 22:14:12,440]::3117675266::DEBUG::Epoch: 27 , 1-MAE: 0.9140 , 1-Training Loss: 0.9829 , 1-val_avg_o_loss:0.9148 , 1-val_avg_c_loss:0.9142 , 1-val_avg_e_loss:0.8958 , 1-val_avg_a_loss:0.9346 , 1-val_avg_n_loss:0.9104
[2025-05-28 22:17:13,373]::3117675266::DEBUG::Epoch: 28 , 1-MAE: 0.9128 , 1-Training Loss: 0.9846 , 1-val_avg_o_loss:0.9132 , 1-val_avg_c_loss:0.9134 , 1-val_avg_e_loss:0.8960 , 1-val_avg_a_loss:0.9317 , 1-val_avg_n_loss:0.9097
[2025-05-28 22:20:14,520]::3117675266::DEBUG::Epoch: 29 , 1-MAE: 0.9136 , 1-Training Loss: 0.9844 , 1-val_avg_o_loss:0.9148 , 1-val_avg_c_loss:0.9143 , 1-val_avg_e_loss:0.8984 , 1-val_avg_a_loss:0.9340 , 1-val_avg_n_loss:0.9064
[2025-05-28 22:23:16,088]::3117675266::DEBUG::Epoch: 30 , 1-MAE: 0.9132 , 1-Training Loss: 0.9843 , 1-val_avg_o_loss:0.9135 , 1-val_avg_c_loss:0.9142 , 1-val_avg_e_loss:0.8943 , 1-val_avg_a_loss:0.9338 , 1-val_avg_n_loss:0.9103
[2025-05-28 22:26:16,969]::3117675266::DEBUG::Epoch: 31 , 1-MAE: 0.9133 , 1-Training Loss: 0.9844 , 1-val_avg_o_loss:0.9152 , 1-val_avg_c_loss:0.9123 , 1-val_avg_e_loss:0.8966 , 1-val_avg_a_loss:0.9335 , 1-val_avg_n_loss:0.9090
[2025-05-28 22:29:18,911]::3117675266::DEBUG::Epoch: 32 , 1-MAE: 0.9142 , 1-Training Loss: 0.9849 , 1-val_avg_o_loss:0.9168 , 1-val_avg_c_loss:0.9128 , 1-val_avg_e_loss:0.8972 , 1-val_avg_a_loss:0.9340 , 1-val_avg_n_loss:0.9104
[2025-05-28 22:32:20,574]::3117675266::DEBUG::Epoch: 33 , 1-MAE: 0.9145 , 1-Training Loss: 0.9851 , 1-val_avg_o_loss:0.9145 , 1-val_avg_c_loss:0.9145 , 1-val_avg_e_loss:0.8988 , 1-val_avg_a_loss:0.9344 , 1-val_avg_n_loss:0.9102
[2025-05-28 22:35:22,141]::3117675266::DEBUG::Epoch: 34 , 1-MAE: 0.9140 , 1-Training Loss: 0.9854 , 1-val_avg_o_loss:0.9138 , 1-val_avg_c_loss:0.9140 , 1-val_avg_e_loss:0.8968 , 1-val_avg_a_loss:0.9340 , 1-val_avg_n_loss:0.9112
[2025-05-28 22:38:23,578]::3117675266::DEBUG::Epoch: 35 , 1-MAE: 0.9142 , 1-Training Loss: 0.9861 , 1-val_avg_o_loss:0.9161 , 1-val_avg_c_loss:0.9134 , 1-val_avg_e_loss:0.8967 , 1-val_avg_a_loss:0.9344 , 1-val_avg_n_loss:0.9104
[2025-05-28 22:41:24,862]::3117675266::DEBUG::Epoch: 36 , 1-MAE: 0.9125 , 1-Training Loss: 0.9863 , 1-val_avg_o_loss:0.9124 , 1-val_avg_c_loss:0.9136 , 1-val_avg_e_loss:0.8954 , 1-val_avg_a_loss:0.9335 , 1-val_avg_n_loss:0.9077
[2025-05-28 22:44:26,415]::3117675266::DEBUG::Epoch: 37 , 1-MAE: 0.9139 , 1-Training Loss: 0.9866 , 1-val_avg_o_loss:0.9174 , 1-val_avg_c_loss:0.9107 , 1-val_avg_e_loss:0.8979 , 1-val_avg_a_loss:0.9342 , 1-val_avg_n_loss:0.9095
[2025-05-28 22:47:27,068]::3117675266::DEBUG::Epoch: 38 , 1-MAE: 0.9132 , 1-Training Loss: 0.9863 , 1-val_avg_o_loss:0.9169 , 1-val_avg_c_loss:0.9137 , 1-val_avg_e_loss:0.8959 , 1-val_avg_a_loss:0.9301 , 1-val_avg_n_loss:0.9092
[2025-05-28 22:50:27,308]::3117675266::DEBUG::Epoch: 39 , 1-MAE: 0.9134 , 1-Training Loss: 0.9865 , 1-val_avg_o_loss:0.9153 , 1-val_avg_c_loss:0.9126 , 1-val_avg_e_loss:0.8961 , 1-val_avg_a_loss:0.9328 , 1-val_avg_n_loss:0.9099
[2025-05-28 22:53:28,049]::3117675266::DEBUG::Epoch: 40 , 1-MAE: 0.9141 , 1-Training Loss: 0.9864 , 1-val_avg_o_loss:0.9133 , 1-val_avg_c_loss:0.9133 , 1-val_avg_e_loss:0.8985 , 1-val_avg_a_loss:0.9351 , 1-val_avg_n_loss:0.9105
[2025-05-28 22:56:29,612]::3117675266::DEBUG::Epoch: 41 , 1-MAE: 0.9141 , 1-Training Loss: 0.9870 , 1-val_avg_o_loss:0.9123 , 1-val_avg_c_loss:0.9147 , 1-val_avg_e_loss:0.8987 , 1-val_avg_a_loss:0.9343 , 1-val_avg_n_loss:0.9106
[2025-05-28 22:59:30,757]::3117675266::DEBUG::Epoch: 42 , 1-MAE: 0.9135 , 1-Training Loss: 0.9877 , 1-val_avg_o_loss:0.9143 , 1-val_avg_c_loss:0.9129 , 1-val_avg_e_loss:0.8963 , 1-val_avg_a_loss:0.9331 , 1-val_avg_n_loss:0.9109
[2025-05-28 23:02:31,977]::3117675266::DEBUG::Epoch: 43 , 1-MAE: 0.9135 , 1-Training Loss: 0.9870 , 1-val_avg_o_loss:0.9127 , 1-val_avg_c_loss:0.9145 , 1-val_avg_e_loss:0.8959 , 1-val_avg_a_loss:0.9335 , 1-val_avg_n_loss:0.9108
[2025-05-28 23:05:33,528]::3117675266::DEBUG::Epoch: 44 , 1-MAE: 0.9139 , 1-Training Loss: 0.9872 , 1-val_avg_o_loss:0.9136 , 1-val_avg_c_loss:0.9150 , 1-val_avg_e_loss:0.8969 , 1-val_avg_a_loss:0.9340 , 1-val_avg_n_loss:0.9099
[2025-05-28 23:08:34,121]::3117675266::DEBUG::Epoch: 45 , 1-MAE: 0.9131 , 1-Training Loss: 0.9877 , 1-val_avg_o_loss:0.9151 , 1-val_avg_c_loss:0.9147 , 1-val_avg_e_loss:0.8962 , 1-val_avg_a_loss:0.9300 , 1-val_avg_n_loss:0.9097
[2025-05-28 23:11:35,385]::3117675266::DEBUG::Epoch: 46 , 1-MAE: 0.9141 , 1-Training Loss: 0.9882 , 1-val_avg_o_loss:0.9151 , 1-val_avg_c_loss:0.9125 , 1-val_avg_e_loss:0.8998 , 1-val_avg_a_loss:0.9327 , 1-val_avg_n_loss:0.9104
[2025-05-28 23:14:36,650]::3117675266::DEBUG::Epoch: 47 , 1-MAE: 0.9142 , 1-Training Loss: 0.9881 , 1-val_avg_o_loss:0.9146 , 1-val_avg_c_loss:0.9145 , 1-val_avg_e_loss:0.8987 , 1-val_avg_a_loss:0.9315 , 1-val_avg_n_loss:0.9119
[2025-05-28 23:17:37,659]::3117675266::DEBUG::Epoch: 48 , 1-MAE: 0.9121 , 1-Training Loss: 0.9882 , 1-val_avg_o_loss:0.9144 , 1-val_avg_c_loss:0.9132 , 1-val_avg_e_loss:0.8945 , 1-val_avg_a_loss:0.9302 , 1-val_avg_n_loss:0.9084
[2025-05-28 23:20:38,671]::3117675266::DEBUG::Epoch: 49 , 1-MAE: 0.9128 , 1-Training Loss: 0.9881 , 1-val_avg_o_loss:0.9112 , 1-val_avg_c_loss:0.9137 , 1-val_avg_e_loss:0.8963 , 1-val_avg_a_loss:0.9327 , 1-val_avg_n_loss:0.9099
[2025-05-28 23:23:40,650]::3117675266::DEBUG::Epoch: 50 , 1-MAE: 0.9157 , 1-Training Loss: 0.9880 , 1-val_avg_o_loss:0.9167 , 1-val_avg_c_loss:0.9162 , 1-val_avg_e_loss:0.8981 , 1-val_avg_a_loss:0.9349 , 1-val_avg_n_loss:0.9123
[2025-05-28 23:26:42,013]::3117675266::DEBUG::Epoch: 51 , 1-MAE: 0.9144 , 1-Training Loss: 0.9888 , 1-val_avg_o_loss:0.9133 , 1-val_avg_c_loss:0.9139 , 1-val_avg_e_loss:0.8981 , 1-val_avg_a_loss:0.9355 , 1-val_avg_n_loss:0.9112
[2025-05-28 23:29:43,087]::3117675266::DEBUG::Epoch: 52 , 1-MAE: 0.9140 , 1-Training Loss: 0.9888 , 1-val_avg_o_loss:0.9137 , 1-val_avg_c_loss:0.9154 , 1-val_avg_e_loss:0.8984 , 1-val_avg_a_loss:0.9310 , 1-val_avg_n_loss:0.9112
[2025-05-28 23:32:44,407]::3117675266::DEBUG::Epoch: 53 , 1-MAE: 0.9138 , 1-Training Loss: 0.9886 , 1-val_avg_o_loss:0.9135 , 1-val_avg_c_loss:0.9154 , 1-val_avg_e_loss:0.8953 , 1-val_avg_a_loss:0.9350 , 1-val_avg_n_loss:0.9099
[2025-05-28 23:35:45,973]::3117675266::DEBUG::Epoch: 54 , 1-MAE: 0.9142 , 1-Training Loss: 0.9888 , 1-val_avg_o_loss:0.9152 , 1-val_avg_c_loss:0.9152 , 1-val_avg_e_loss:0.8977 , 1-val_avg_a_loss:0.9330 , 1-val_avg_n_loss:0.9100
[2025-05-28 23:38:47,098]::3117675266::DEBUG::Epoch: 55 , 1-MAE: 0.9127 , 1-Training Loss: 0.9889 , 1-val_avg_o_loss:0.9155 , 1-val_avg_c_loss:0.9146 , 1-val_avg_e_loss:0.8929 , 1-val_avg_a_loss:0.9310 , 1-val_avg_n_loss:0.9097
[2025-05-28 23:41:47,937]::3117675266::DEBUG::Epoch: 56 , 1-MAE: 0.9135 , 1-Training Loss: 0.9892 , 1-val_avg_o_loss:0.9155 , 1-val_avg_c_loss:0.9138 , 1-val_avg_e_loss:0.8974 , 1-val_avg_a_loss:0.9330 , 1-val_avg_n_loss:0.9079
[2025-05-28 23:44:48,877]::3117675266::DEBUG::Epoch: 57 , 1-MAE: 0.9133 , 1-Training Loss: 0.9892 , 1-val_avg_o_loss:0.9131 , 1-val_avg_c_loss:0.9127 , 1-val_avg_e_loss:0.8986 , 1-val_avg_a_loss:0.9327 , 1-val_avg_n_loss:0.9094
[2025-05-28 23:47:50,117]::3117675266::DEBUG::Epoch: 58 , 1-MAE: 0.9145 , 1-Training Loss: 0.9893 , 1-val_avg_o_loss:0.9162 , 1-val_avg_c_loss:0.9137 , 1-val_avg_e_loss:0.8971 , 1-val_avg_a_loss:0.9342 , 1-val_avg_n_loss:0.9116
[2025-05-28 23:50:51,365]::3117675266::DEBUG::Epoch: 59 , 1-MAE: 0.9142 , 1-Training Loss: 0.9898 , 1-val_avg_o_loss:0.9147 , 1-val_avg_c_loss:0.9144 , 1-val_avg_e_loss:0.8971 , 1-val_avg_a_loss:0.9327 , 1-val_avg_n_loss:0.9120
[2025-05-28 23:53:52,588]::3117675266::DEBUG::Epoch: 60 , 1-MAE: 0.9138 , 1-Training Loss: 0.9896 , 1-val_avg_o_loss:0.9149 , 1-val_avg_c_loss:0.9139 , 1-val_avg_e_loss:0.8973 , 1-val_avg_a_loss:0.9324 , 1-val_avg_n_loss:0.9107
[2025-05-28 23:56:53,472]::3117675266::DEBUG::Epoch: 61 , 1-MAE: 0.9130 , 1-Training Loss: 0.9900 , 1-val_avg_o_loss:0.9143 , 1-val_avg_c_loss:0.9146 , 1-val_avg_e_loss:0.8965 , 1-val_avg_a_loss:0.9308 , 1-val_avg_n_loss:0.9090
[2025-05-28 23:59:54,736]::3117675266::DEBUG::Epoch: 62 , 1-MAE: 0.9145 , 1-Training Loss: 0.9900 , 1-val_avg_o_loss:0.9146 , 1-val_avg_c_loss:0.9150 , 1-val_avg_e_loss:0.8974 , 1-val_avg_a_loss:0.9335 , 1-val_avg_n_loss:0.9118
[2025-05-29 00:02:55,700]::3117675266::DEBUG::Epoch: 63 , 1-MAE: 0.9139 , 1-Training Loss: 0.9899 , 1-val_avg_o_loss:0.9158 , 1-val_avg_c_loss:0.9151 , 1-val_avg_e_loss:0.8968 , 1-val_avg_a_loss:0.9315 , 1-val_avg_n_loss:0.9105
[2025-05-29 00:05:57,058]::3117675266::DEBUG::Epoch: 64 , 1-MAE: 0.9149 , 1-Training Loss: 0.9902 , 1-val_avg_o_loss:0.9163 , 1-val_avg_c_loss:0.9167 , 1-val_avg_e_loss:0.8969 , 1-val_avg_a_loss:0.9334 , 1-val_avg_n_loss:0.9111
[2025-05-29 00:08:58,129]::3117675266::DEBUG::Epoch: 65 , 1-MAE: 0.9145 , 1-Training Loss: 0.9902 , 1-val_avg_o_loss:0.9154 , 1-val_avg_c_loss:0.9140 , 1-val_avg_e_loss:0.8980 , 1-val_avg_a_loss:0.9332 , 1-val_avg_n_loss:0.9117
[2025-05-29 00:11:59,364]::3117675266::DEBUG::Epoch: 66 , 1-MAE: 0.9152 , 1-Training Loss: 0.9899 , 1-val_avg_o_loss:0.9154 , 1-val_avg_c_loss:0.9164 , 1-val_avg_e_loss:0.8991 , 1-val_avg_a_loss:0.9331 , 1-val_avg_n_loss:0.9119
[2025-05-29 00:15:00,393]::3117675266::DEBUG::Epoch: 67 , 1-MAE: 0.9136 , 1-Training Loss: 0.9899 , 1-val_avg_o_loss:0.9150 , 1-val_avg_c_loss:0.9145 , 1-val_avg_e_loss:0.8968 , 1-val_avg_a_loss:0.9318 , 1-val_avg_n_loss:0.9101
[2025-05-29 00:18:01,661]::3117675266::DEBUG::Epoch: 68 , 1-MAE: 0.9142 , 1-Training Loss: 0.9909 , 1-val_avg_o_loss:0.9137 , 1-val_avg_c_loss:0.9152 , 1-val_avg_e_loss:0.8976 , 1-val_avg_a_loss:0.9330 , 1-val_avg_n_loss:0.9115
[2025-05-29 00:21:03,147]::3117675266::DEBUG::Epoch: 69 , 1-MAE: 0.9134 , 1-Training Loss: 0.9904 , 1-val_avg_o_loss:0.9092 , 1-val_avg_c_loss:0.9156 , 1-val_avg_e_loss:0.8985 , 1-val_avg_a_loss:0.9327 , 1-val_avg_n_loss:0.9108
[2025-05-29 00:24:04,284]::3117675266::DEBUG::Epoch: 70 , 1-MAE: 0.9138 , 1-Training Loss: 0.9905 , 1-val_avg_o_loss:0.9153 , 1-val_avg_c_loss:0.9150 , 1-val_avg_e_loss:0.8980 , 1-val_avg_a_loss:0.9305 , 1-val_avg_n_loss:0.9101
[2025-05-29 00:27:05,604]::3117675266::DEBUG::Epoch: 71 , 1-MAE: 0.9137 , 1-Training Loss: 0.9906 , 1-val_avg_o_loss:0.9155 , 1-val_avg_c_loss:0.9133 , 1-val_avg_e_loss:0.8960 , 1-val_avg_a_loss:0.9334 , 1-val_avg_n_loss:0.9103
[2025-05-29 00:30:07,004]::3117675266::DEBUG::Epoch: 72 , 1-MAE: 0.9148 , 1-Training Loss: 0.9907 , 1-val_avg_o_loss:0.9140 , 1-val_avg_c_loss:0.9168 , 1-val_avg_e_loss:0.8974 , 1-val_avg_a_loss:0.9340 , 1-val_avg_n_loss:0.9117
[2025-05-29 00:33:08,198]::3117675266::DEBUG::Epoch: 73 , 1-MAE: 0.9155 , 1-Training Loss: 0.9906 , 1-val_avg_o_loss:0.9167 , 1-val_avg_c_loss:0.9165 , 1-val_avg_e_loss:0.8971 , 1-val_avg_a_loss:0.9344 , 1-val_avg_n_loss:0.9128
[2025-05-29 00:36:09,379]::3117675266::DEBUG::Epoch: 74 , 1-MAE: 0.9147 , 1-Training Loss: 0.9908 , 1-val_avg_o_loss:0.9165 , 1-val_avg_c_loss:0.9162 , 1-val_avg_e_loss:0.8966 , 1-val_avg_a_loss:0.9337 , 1-val_avg_n_loss:0.9104
[2025-05-29 00:39:10,672]::3117675266::DEBUG::Epoch: 75 , 1-MAE: 0.9136 , 1-Training Loss: 0.9910 , 1-val_avg_o_loss:0.9168 , 1-val_avg_c_loss:0.9136 , 1-val_avg_e_loss:0.8968 , 1-val_avg_a_loss:0.9305 , 1-val_avg_n_loss:0.9101
[2025-05-29 00:42:12,119]::3117675266::DEBUG::Epoch: 76 , 1-MAE: 0.9152 , 1-Training Loss: 0.9911 , 1-val_avg_o_loss:0.9169 , 1-val_avg_c_loss:0.9157 , 1-val_avg_e_loss:0.8980 , 1-val_avg_a_loss:0.9332 , 1-val_avg_n_loss:0.9123
[2025-05-29 00:45:13,247]::3117675266::DEBUG::Epoch: 77 , 1-MAE: 0.9148 , 1-Training Loss: 0.9912 , 1-val_avg_o_loss:0.9168 , 1-val_avg_c_loss:0.9156 , 1-val_avg_e_loss:0.8970 , 1-val_avg_a_loss:0.9323 , 1-val_avg_n_loss:0.9121
[2025-05-29 00:48:14,288]::3117675266::DEBUG::Epoch: 78 , 1-MAE: 0.9145 , 1-Training Loss: 0.9912 , 1-val_avg_o_loss:0.9169 , 1-val_avg_c_loss:0.9126 , 1-val_avg_e_loss:0.8977 , 1-val_avg_a_loss:0.9324 , 1-val_avg_n_loss:0.9129
[2025-05-29 00:51:15,524]::3117675266::DEBUG::Epoch: 79 , 1-MAE: 0.9139 , 1-Training Loss: 0.9910 , 1-val_avg_o_loss:0.9147 , 1-val_avg_c_loss:0.9149 , 1-val_avg_e_loss:0.8968 , 1-val_avg_a_loss:0.9327 , 1-val_avg_n_loss:0.9103
[2025-05-29 00:54:16,654]::3117675266::DEBUG::Epoch: 80 , 1-MAE: 0.9146 , 1-Training Loss: 0.9912 , 1-val_avg_o_loss:0.9152 , 1-val_avg_c_loss:0.9159 , 1-val_avg_e_loss:0.8965 , 1-val_avg_a_loss:0.9336 , 1-val_avg_n_loss:0.9118
[2025-05-29 00:57:17,752]::3117675266::DEBUG::Epoch: 81 , 1-MAE: 0.9140 , 1-Training Loss: 0.9916 , 1-val_avg_o_loss:0.9153 , 1-val_avg_c_loss:0.9146 , 1-val_avg_e_loss:0.8962 , 1-val_avg_a_loss:0.9326 , 1-val_avg_n_loss:0.9113
[2025-05-29 01:00:18,702]::3117675266::DEBUG::Epoch: 82 , 1-MAE: 0.9145 , 1-Training Loss: 0.9916 , 1-val_avg_o_loss:0.9156 , 1-val_avg_c_loss:0.9158 , 1-val_avg_e_loss:0.8971 , 1-val_avg_a_loss:0.9328 , 1-val_avg_n_loss:0.9114
[2025-05-29 01:03:19,921]::3117675266::DEBUG::Epoch: 83 , 1-MAE: 0.9148 , 1-Training Loss: 0.9918 , 1-val_avg_o_loss:0.9159 , 1-val_avg_c_loss:0.9151 , 1-val_avg_e_loss:0.8967 , 1-val_avg_a_loss:0.9343 , 1-val_avg_n_loss:0.9120
[2025-05-29 01:06:20,043]::3117675266::DEBUG::Epoch: 84 , 1-MAE: 0.9139 , 1-Training Loss: 0.9919 , 1-val_avg_o_loss:0.9155 , 1-val_avg_c_loss:0.9147 , 1-val_avg_e_loss:0.8960 , 1-val_avg_a_loss:0.9331 , 1-val_avg_n_loss:0.9102
[2025-05-29 01:09:21,442]::3117675266::DEBUG::Epoch: 85 , 1-MAE: 0.9150 , 1-Training Loss: 0.9913 , 1-val_avg_o_loss:0.9158 , 1-val_avg_c_loss:0.9159 , 1-val_avg_e_loss:0.8978 , 1-val_avg_a_loss:0.9335 , 1-val_avg_n_loss:0.9120
[2025-05-29 01:12:22,828]::3117675266::DEBUG::Epoch: 86 , 1-MAE: 0.9141 , 1-Training Loss: 0.9917 , 1-val_avg_o_loss:0.9155 , 1-val_avg_c_loss:0.9152 , 1-val_avg_e_loss:0.8943 , 1-val_avg_a_loss:0.9341 , 1-val_avg_n_loss:0.9115
[2025-05-29 01:15:24,029]::3117675266::DEBUG::Epoch: 87 , 1-MAE: 0.9143 , 1-Training Loss: 0.9918 , 1-val_avg_o_loss:0.9147 , 1-val_avg_c_loss:0.9160 , 1-val_avg_e_loss:0.8975 , 1-val_avg_a_loss:0.9311 , 1-val_avg_n_loss:0.9121
[2025-05-29 01:18:25,348]::3117675266::DEBUG::Epoch: 88 , 1-MAE: 0.9144 , 1-Training Loss: 0.9920 , 1-val_avg_o_loss:0.9138 , 1-val_avg_c_loss:0.9161 , 1-val_avg_e_loss:0.8978 , 1-val_avg_a_loss:0.9321 , 1-val_avg_n_loss:0.9119
[2025-05-29 01:21:26,126]::3117675266::DEBUG::Epoch: 89 , 1-MAE: 0.9144 , 1-Training Loss: 0.9918 , 1-val_avg_o_loss:0.9151 , 1-val_avg_c_loss:0.9156 , 1-val_avg_e_loss:0.8964 , 1-val_avg_a_loss:0.9338 , 1-val_avg_n_loss:0.9109
[2025-05-29 01:24:27,508]::3117675266::DEBUG::Epoch: 90 , 1-MAE: 0.9130 , 1-Training Loss: 0.9919 , 1-val_avg_o_loss:0.9140 , 1-val_avg_c_loss:0.9155 , 1-val_avg_e_loss:0.8934 , 1-val_avg_a_loss:0.9302 , 1-val_avg_n_loss:0.9120
[2025-05-29 01:27:28,712]::3117675266::DEBUG::Epoch: 91 , 1-MAE: 0.9144 , 1-Training Loss: 0.9920 , 1-val_avg_o_loss:0.9149 , 1-val_avg_c_loss:0.9142 , 1-val_avg_e_loss:0.8986 , 1-val_avg_a_loss:0.9321 , 1-val_avg_n_loss:0.9121
[2025-05-29 01:30:29,593]::3117675266::DEBUG::Epoch: 92 , 1-MAE: 0.9130 , 1-Training Loss: 0.9921 , 1-val_avg_o_loss:0.9123 , 1-val_avg_c_loss:0.9145 , 1-val_avg_e_loss:0.8973 , 1-val_avg_a_loss:0.9324 , 1-val_avg_n_loss:0.9087
[2025-05-29 01:33:30,660]::3117675266::DEBUG::Epoch: 93 , 1-MAE: 0.9140 , 1-Training Loss: 0.9921 , 1-val_avg_o_loss:0.9158 , 1-val_avg_c_loss:0.9147 , 1-val_avg_e_loss:0.8963 , 1-val_avg_a_loss:0.9323 , 1-val_avg_n_loss:0.9110
[2025-05-29 01:36:32,283]::3117675266::DEBUG::Epoch: 94 , 1-MAE: 0.9142 , 1-Training Loss: 0.9923 , 1-val_avg_o_loss:0.9142 , 1-val_avg_c_loss:0.9151 , 1-val_avg_e_loss:0.8964 , 1-val_avg_a_loss:0.9336 , 1-val_avg_n_loss:0.9115
[2025-05-29 01:39:33,666]::3117675266::DEBUG::Epoch: 95 , 1-MAE: 0.9143 , 1-Training Loss: 0.9920 , 1-val_avg_o_loss:0.9154 , 1-val_avg_c_loss:0.9153 , 1-val_avg_e_loss:0.8975 , 1-val_avg_a_loss:0.9317 , 1-val_avg_n_loss:0.9118
[2025-05-29 01:42:35,038]::3117675266::DEBUG::Epoch: 96 , 1-MAE: 0.9143 , 1-Training Loss: 0.9920 , 1-val_avg_o_loss:0.9159 , 1-val_avg_c_loss:0.9159 , 1-val_avg_e_loss:0.8971 , 1-val_avg_a_loss:0.9304 , 1-val_avg_n_loss:0.9121
[2025-05-29 01:45:36,913]::3117675266::DEBUG::Epoch: 97 , 1-MAE: 0.9148 , 1-Training Loss: 0.9920 , 1-val_avg_o_loss:0.9155 , 1-val_avg_c_loss:0.9160 , 1-val_avg_e_loss:0.8976 , 1-val_avg_a_loss:0.9330 , 1-val_avg_n_loss:0.9122
[2025-05-29 01:48:38,392]::3117675266::DEBUG::Epoch: 98 , 1-MAE: 0.9140 , 1-Training Loss: 0.9925 , 1-val_avg_o_loss:0.9147 , 1-val_avg_c_loss:0.9151 , 1-val_avg_e_loss:0.8956 , 1-val_avg_a_loss:0.9335 , 1-val_avg_n_loss:0.9110
[2025-05-29 01:51:39,928]::3117675266::DEBUG::Epoch: 99 , 1-MAE: 0.9141 , 1-Training Loss: 0.9923 , 1-val_avg_o_loss:0.9136 , 1-val_avg_c_loss:0.9169 , 1-val_avg_e_loss:0.8960 , 1-val_avg_a_loss:0.9343 , 1-val_avg_n_loss:0.9095
[2025-05-29 01:54:41,016]::3117675266::DEBUG::Epoch: 100 , 1-MAE: 0.9136 , 1-Training Loss: 0.9924 , 1-val_avg_o_loss:0.9137 , 1-val_avg_c_loss:0.9164 , 1-val_avg_e_loss:0.8949 , 1-val_avg_a_loss:0.9327 , 1-val_avg_n_loss:0.9103
[2025-05-29 01:57:42,619]::3117675266::DEBUG::Epoch: 101 , 1-MAE: 0.9138 , 1-Training Loss: 0.9931 , 1-val_avg_o_loss:0.9145 , 1-val_avg_c_loss:0.9157 , 1-val_avg_e_loss:0.8956 , 1-val_avg_a_loss:0.9331 , 1-val_avg_n_loss:0.9098
[2025-05-29 02:00:44,455]::3117675266::DEBUG::Epoch: 102 , 1-MAE: 0.9144 , 1-Training Loss: 0.9925 , 1-val_avg_o_loss:0.9146 , 1-val_avg_c_loss:0.9154 , 1-val_avg_e_loss:0.8964 , 1-val_avg_a_loss:0.9336 , 1-val_avg_n_loss:0.9118
[2025-05-29 02:03:45,884]::3117675266::DEBUG::Epoch: 103 , 1-MAE: 0.9145 , 1-Training Loss: 0.9926 , 1-val_avg_o_loss:0.9154 , 1-val_avg_c_loss:0.9152 , 1-val_avg_e_loss:0.8960 , 1-val_avg_a_loss:0.9336 , 1-val_avg_n_loss:0.9125
[2025-05-29 02:06:46,960]::3117675266::DEBUG::Epoch: 104 , 1-MAE: 0.9135 , 1-Training Loss: 0.9927 , 1-val_avg_o_loss:0.9156 , 1-val_avg_c_loss:0.9151 , 1-val_avg_e_loss:0.8945 , 1-val_avg_a_loss:0.9321 , 1-val_avg_n_loss:0.9104
[2025-05-29 02:09:48,256]::3117675266::DEBUG::Epoch: 105 , 1-MAE: 0.9140 , 1-Training Loss: 0.9924 , 1-val_avg_o_loss:0.9150 , 1-val_avg_c_loss:0.9152 , 1-val_avg_e_loss:0.8962 , 1-val_avg_a_loss:0.9328 , 1-val_avg_n_loss:0.9108
[2025-05-29 02:12:49,675]::3117675266::DEBUG::Epoch: 106 , 1-MAE: 0.9137 , 1-Training Loss: 0.9926 , 1-val_avg_o_loss:0.9151 , 1-val_avg_c_loss:0.9143 , 1-val_avg_e_loss:0.8966 , 1-val_avg_a_loss:0.9325 , 1-val_avg_n_loss:0.9101
[2025-05-29 02:15:51,294]::3117675266::DEBUG::Epoch: 107 , 1-MAE: 0.9152 , 1-Training Loss: 0.9931 , 1-val_avg_o_loss:0.9170 , 1-val_avg_c_loss:0.9164 , 1-val_avg_e_loss:0.8972 , 1-val_avg_a_loss:0.9330 , 1-val_avg_n_loss:0.9123
[2025-05-29 02:18:52,869]::3117675266::DEBUG::Epoch: 108 , 1-MAE: 0.9137 , 1-Training Loss: 0.9928 , 1-val_avg_o_loss:0.9149 , 1-val_avg_c_loss:0.9158 , 1-val_avg_e_loss:0.8953 , 1-val_avg_a_loss:0.9319 , 1-val_avg_n_loss:0.9104
[2025-05-29 02:21:54,167]::3117675266::DEBUG::Epoch: 109 , 1-MAE: 0.9142 , 1-Training Loss: 0.9930 , 1-val_avg_o_loss:0.9146 , 1-val_avg_c_loss:0.9143 , 1-val_avg_e_loss:0.8968 , 1-val_avg_a_loss:0.9330 , 1-val_avg_n_loss:0.9121
[2025-05-29 02:24:55,606]::3117675266::DEBUG::Epoch: 110 , 1-MAE: 0.9137 , 1-Training Loss: 0.9929 , 1-val_avg_o_loss:0.9142 , 1-val_avg_c_loss:0.9150 , 1-val_avg_e_loss:0.8961 , 1-val_avg_a_loss:0.9329 , 1-val_avg_n_loss:0.9102
[2025-05-29 02:27:57,018]::3117675266::DEBUG::Epoch: 111 , 1-MAE: 0.9135 , 1-Training Loss: 0.9931 , 1-val_avg_o_loss:0.9148 , 1-val_avg_c_loss:0.9155 , 1-val_avg_e_loss:0.8959 , 1-val_avg_a_loss:0.9314 , 1-val_avg_n_loss:0.9098
[2025-05-29 02:30:57,946]::3117675266::DEBUG::Epoch: 112 , 1-MAE: 0.9138 , 1-Training Loss: 0.9929 , 1-val_avg_o_loss:0.9134 , 1-val_avg_c_loss:0.9156 , 1-val_avg_e_loss:0.8956 , 1-val_avg_a_loss:0.9334 , 1-val_avg_n_loss:0.9110
[2025-05-29 02:33:59,559]::3117675266::DEBUG::Epoch: 113 , 1-MAE: 0.9147 , 1-Training Loss: 0.9931 , 1-val_avg_o_loss:0.9159 , 1-val_avg_c_loss:0.9161 , 1-val_avg_e_loss:0.8968 , 1-val_avg_a_loss:0.9334 , 1-val_avg_n_loss:0.9110
[2025-05-29 02:37:00,581]::3117675266::DEBUG::Epoch: 114 , 1-MAE: 0.9138 , 1-Training Loss: 0.9930 , 1-val_avg_o_loss:0.9153 , 1-val_avg_c_loss:0.9159 , 1-val_avg_e_loss:0.8951 , 1-val_avg_a_loss:0.9325 , 1-val_avg_n_loss:0.9101
[2025-05-29 02:40:01,521]::3117675266::DEBUG::Epoch: 115 , 1-MAE: 0.9140 , 1-Training Loss: 0.9931 , 1-val_avg_o_loss:0.9156 , 1-val_avg_c_loss:0.9161 , 1-val_avg_e_loss:0.8961 , 1-val_avg_a_loss:0.9323 , 1-val_avg_n_loss:0.9098
[2025-05-29 02:43:03,194]::3117675266::DEBUG::Epoch: 116 , 1-MAE: 0.9141 , 1-Training Loss: 0.9929 , 1-val_avg_o_loss:0.9160 , 1-val_avg_c_loss:0.9156 , 1-val_avg_e_loss:0.8955 , 1-val_avg_a_loss:0.9318 , 1-val_avg_n_loss:0.9113
[2025-05-29 02:46:04,572]::3117675266::DEBUG::Epoch: 117 , 1-MAE: 0.9129 , 1-Training Loss: 0.9932 , 1-val_avg_o_loss:0.9147 , 1-val_avg_c_loss:0.9141 , 1-val_avg_e_loss:0.8947 , 1-val_avg_a_loss:0.9316 , 1-val_avg_n_loss:0.9091
[2025-05-29 02:49:05,595]::3117675266::DEBUG::Epoch: 118 , 1-MAE: 0.9135 , 1-Training Loss: 0.9931 , 1-val_avg_o_loss:0.9155 , 1-val_avg_c_loss:0.9155 , 1-val_avg_e_loss:0.8951 , 1-val_avg_a_loss:0.9320 , 1-val_avg_n_loss:0.9093
[2025-05-29 02:52:06,754]::3117675266::DEBUG::Epoch: 119 , 1-MAE: 0.9141 , 1-Training Loss: 0.9932 , 1-val_avg_o_loss:0.9150 , 1-val_avg_c_loss:0.9150 , 1-val_avg_e_loss:0.8955 , 1-val_avg_a_loss:0.9341 , 1-val_avg_n_loss:0.9112
[2025-05-29 02:55:08,055]::3117675266::DEBUG::Epoch: 120 , 1-MAE: 0.9146 , 1-Training Loss: 0.9931 , 1-val_avg_o_loss:0.9165 , 1-val_avg_c_loss:0.9153 , 1-val_avg_e_loss:0.8962 , 1-val_avg_a_loss:0.9330 , 1-val_avg_n_loss:0.9124
[2025-05-29 10:23:04,539]::2022985491::DEBUG::=============/home/oem/qx/KETIdatamodel516/extract_kr_15frame_v_a/data+Video Vision Transformer Strat!=============
[2025-05-29 10:28:55,868]::2022985491::DEBUG::=============/home/oem/qx/KETIdatamodel516/extract_kr_15frame_v_a/data+Video Vision Transformer Strat!=============
[2025-05-29 10:32:01,675]::3117675266::DEBUG::Epoch: 1 , 1-MAE: 0.9106 , 1-Training Loss: 0.9076 , 1-val_avg_o_loss:0.9062 , 1-val_avg_c_loss:0.9114 , 1-val_avg_e_loss:0.8972 , 1-val_avg_a_loss:0.9259 , 1-val_avg_n_loss:0.9124
[2025-05-29 10:35:02,538]::3117675266::DEBUG::Epoch: 2 , 1-MAE: 0.9044 , 1-Training Loss: 0.9348 , 1-val_avg_o_loss:0.9048 , 1-val_avg_c_loss:0.9119 , 1-val_avg_e_loss:0.8720 , 1-val_avg_a_loss:0.9254 , 1-val_avg_n_loss:0.9080
[2025-05-29 10:38:03,744]::3117675266::DEBUG::Epoch: 3 , 1-MAE: 0.9088 , 1-Training Loss: 0.9467 , 1-val_avg_o_loss:0.9107 , 1-val_avg_c_loss:0.9049 , 1-val_avg_e_loss:0.8976 , 1-val_avg_a_loss:0.9191 , 1-val_avg_n_loss:0.9119
[2025-05-29 10:41:05,461]::3117675266::DEBUG::Epoch: 4 , 1-MAE: 0.9065 , 1-Training Loss: 0.9540 , 1-val_avg_o_loss:0.9120 , 1-val_avg_c_loss:0.9102 , 1-val_avg_e_loss:0.8904 , 1-val_avg_a_loss:0.9227 , 1-val_avg_n_loss:0.8973
[2025-05-29 10:44:08,140]::3117675266::DEBUG::Epoch: 5 , 1-MAE: 0.9114 , 1-Training Loss: 0.9609 , 1-val_avg_o_loss:0.9117 , 1-val_avg_c_loss:0.9078 , 1-val_avg_e_loss:0.9008 , 1-val_avg_a_loss:0.9295 , 1-val_avg_n_loss:0.9072
[2025-05-29 10:47:10,029]::3117675266::DEBUG::Epoch: 6 , 1-MAE: 0.9109 , 1-Training Loss: 0.9631 , 1-val_avg_o_loss:0.9102 , 1-val_avg_c_loss:0.9124 , 1-val_avg_e_loss:0.8958 , 1-val_avg_a_loss:0.9317 , 1-val_avg_n_loss:0.9046
[2025-05-29 10:50:11,418]::3117675266::DEBUG::Epoch: 7 , 1-MAE: 0.9081 , 1-Training Loss: 0.9661 , 1-val_avg_o_loss:0.9118 , 1-val_avg_c_loss:0.9090 , 1-val_avg_e_loss:0.8848 , 1-val_avg_a_loss:0.9337 , 1-val_avg_n_loss:0.9012
[2025-05-29 10:53:13,526]::3117675266::DEBUG::Epoch: 8 , 1-MAE: 0.9120 , 1-Training Loss: 0.9688 , 1-val_avg_o_loss:0.9122 , 1-val_avg_c_loss:0.9145 , 1-val_avg_e_loss:0.8935 , 1-val_avg_a_loss:0.9335 , 1-val_avg_n_loss:0.9063
[2025-05-29 10:56:16,316]::3117675266::DEBUG::Epoch: 9 , 1-MAE: 0.9123 , 1-Training Loss: 0.9698 , 1-val_avg_o_loss:0.9145 , 1-val_avg_c_loss:0.9159 , 1-val_avg_e_loss:0.8936 , 1-val_avg_a_loss:0.9295 , 1-val_avg_n_loss:0.9081
[2025-05-29 10:59:17,919]::3117675266::DEBUG::Epoch: 10 , 1-MAE: 0.9109 , 1-Training Loss: 0.9726 , 1-val_avg_o_loss:0.9049 , 1-val_avg_c_loss:0.9170 , 1-val_avg_e_loss:0.8936 , 1-val_avg_a_loss:0.9303 , 1-val_avg_n_loss:0.9086
[2025-05-29 11:02:20,477]::3117675266::DEBUG::Epoch: 11 , 1-MAE: 0.9134 , 1-Training Loss: 0.9744 , 1-val_avg_o_loss:0.9137 , 1-val_avg_c_loss:0.9149 , 1-val_avg_e_loss:0.8979 , 1-val_avg_a_loss:0.9322 , 1-val_avg_n_loss:0.9084
[2025-05-29 11:05:22,174]::3117675266::DEBUG::Epoch: 12 , 1-MAE: 0.9133 , 1-Training Loss: 0.9751 , 1-val_avg_o_loss:0.9148 , 1-val_avg_c_loss:0.9152 , 1-val_avg_e_loss:0.8985 , 1-val_avg_a_loss:0.9297 , 1-val_avg_n_loss:0.9084
[2025-05-29 11:08:23,541]::3117675266::DEBUG::Epoch: 13 , 1-MAE: 0.9126 , 1-Training Loss: 0.9766 , 1-val_avg_o_loss:0.9164 , 1-val_avg_c_loss:0.9138 , 1-val_avg_e_loss:0.8982 , 1-val_avg_a_loss:0.9294 , 1-val_avg_n_loss:0.9054
[2025-05-29 11:11:25,286]::3117675266::DEBUG::Epoch: 14 , 1-MAE: 0.9134 , 1-Training Loss: 0.9770 , 1-val_avg_o_loss:0.9113 , 1-val_avg_c_loss:0.9142 , 1-val_avg_e_loss:0.8986 , 1-val_avg_a_loss:0.9328 , 1-val_avg_n_loss:0.9103
[2025-05-29 11:14:27,672]::3117675266::DEBUG::Epoch: 15 , 1-MAE: 0.9141 , 1-Training Loss: 0.9779 , 1-val_avg_o_loss:0.9128 , 1-val_avg_c_loss:0.9154 , 1-val_avg_e_loss:0.9007 , 1-val_avg_a_loss:0.9329 , 1-val_avg_n_loss:0.9089
[2025-05-29 11:17:29,827]::3117675266::DEBUG::Epoch: 16 , 1-MAE: 0.9129 , 1-Training Loss: 0.9790 , 1-val_avg_o_loss:0.9145 , 1-val_avg_c_loss:0.9123 , 1-val_avg_e_loss:0.8975 , 1-val_avg_a_loss:0.9312 , 1-val_avg_n_loss:0.9090
[2025-05-29 11:20:31,359]::3117675266::DEBUG::Epoch: 17 , 1-MAE: 0.9111 , 1-Training Loss: 0.9799 , 1-val_avg_o_loss:0.9132 , 1-val_avg_c_loss:0.9084 , 1-val_avg_e_loss:0.8920 , 1-val_avg_a_loss:0.9326 , 1-val_avg_n_loss:0.9094
[2025-05-29 11:23:32,815]::3117675266::DEBUG::Epoch: 18 , 1-MAE: 0.9134 , 1-Training Loss: 0.9796 , 1-val_avg_o_loss:0.9128 , 1-val_avg_c_loss:0.9156 , 1-val_avg_e_loss:0.8954 , 1-val_avg_a_loss:0.9317 , 1-val_avg_n_loss:0.9115
[2025-05-29 11:26:35,346]::3117675266::DEBUG::Epoch: 19 , 1-MAE: 0.9145 , 1-Training Loss: 0.9799 , 1-val_avg_o_loss:0.9126 , 1-val_avg_c_loss:0.9162 , 1-val_avg_e_loss:0.9000 , 1-val_avg_a_loss:0.9337 , 1-val_avg_n_loss:0.9103
[2025-05-29 11:29:36,931]::3117675266::DEBUG::Epoch: 20 , 1-MAE: 0.9140 , 1-Training Loss: 0.9815 , 1-val_avg_o_loss:0.9138 , 1-val_avg_c_loss:0.9152 , 1-val_avg_e_loss:0.9004 , 1-val_avg_a_loss:0.9319 , 1-val_avg_n_loss:0.9088
[2025-05-29 11:32:39,028]::3117675266::DEBUG::Epoch: 21 , 1-MAE: 0.9118 , 1-Training Loss: 0.9816 , 1-val_avg_o_loss:0.9131 , 1-val_avg_c_loss:0.9140 , 1-val_avg_e_loss:0.8950 , 1-val_avg_a_loss:0.9265 , 1-val_avg_n_loss:0.9107
[2025-05-29 11:35:40,987]::3117675266::DEBUG::Epoch: 22 , 1-MAE: 0.9131 , 1-Training Loss: 0.9822 , 1-val_avg_o_loss:0.9109 , 1-val_avg_c_loss:0.9159 , 1-val_avg_e_loss:0.8976 , 1-val_avg_a_loss:0.9328 , 1-val_avg_n_loss:0.9082
[2025-05-29 11:38:43,108]::3117675266::DEBUG::Epoch: 23 , 1-MAE: 0.9130 , 1-Training Loss: 0.9824 , 1-val_avg_o_loss:0.9144 , 1-val_avg_c_loss:0.9152 , 1-val_avg_e_loss:0.8928 , 1-val_avg_a_loss:0.9340 , 1-val_avg_n_loss:0.9086
[2025-05-29 11:41:44,913]::3117675266::DEBUG::Epoch: 24 , 1-MAE: 0.9123 , 1-Training Loss: 0.9829 , 1-val_avg_o_loss:0.9119 , 1-val_avg_c_loss:0.9124 , 1-val_avg_e_loss:0.8947 , 1-val_avg_a_loss:0.9332 , 1-val_avg_n_loss:0.9093
[2025-05-29 11:44:46,259]::3117675266::DEBUG::Epoch: 25 , 1-MAE: 0.9126 , 1-Training Loss: 0.9829 , 1-val_avg_o_loss:0.9083 , 1-val_avg_c_loss:0.9152 , 1-val_avg_e_loss:0.8983 , 1-val_avg_a_loss:0.9326 , 1-val_avg_n_loss:0.9085
[2025-05-29 11:47:47,901]::3117675266::DEBUG::Epoch: 26 , 1-MAE: 0.9140 , 1-Training Loss: 0.9831 , 1-val_avg_o_loss:0.9137 , 1-val_avg_c_loss:0.9180 , 1-val_avg_e_loss:0.8989 , 1-val_avg_a_loss:0.9308 , 1-val_avg_n_loss:0.9088
[2025-05-29 11:50:49,673]::3117675266::DEBUG::Epoch: 27 , 1-MAE: 0.9139 , 1-Training Loss: 0.9838 , 1-val_avg_o_loss:0.9132 , 1-val_avg_c_loss:0.9125 , 1-val_avg_e_loss:0.8998 , 1-val_avg_a_loss:0.9333 , 1-val_avg_n_loss:0.9107
[2025-05-29 11:53:52,163]::3117675266::DEBUG::Epoch: 28 , 1-MAE: 0.9148 , 1-Training Loss: 0.9845 , 1-val_avg_o_loss:0.9138 , 1-val_avg_c_loss:0.9166 , 1-val_avg_e_loss:0.9007 , 1-val_avg_a_loss:0.9336 , 1-val_avg_n_loss:0.9091
[2025-05-29 11:56:54,393]::3117675266::DEBUG::Epoch: 29 , 1-MAE: 0.9146 , 1-Training Loss: 0.9846 , 1-val_avg_o_loss:0.9150 , 1-val_avg_c_loss:0.9159 , 1-val_avg_e_loss:0.8980 , 1-val_avg_a_loss:0.9345 , 1-val_avg_n_loss:0.9095
[2025-05-29 11:59:56,168]::3117675266::DEBUG::Epoch: 30 , 1-MAE: 0.9142 , 1-Training Loss: 0.9849 , 1-val_avg_o_loss:0.9128 , 1-val_avg_c_loss:0.9146 , 1-val_avg_e_loss:0.9009 , 1-val_avg_a_loss:0.9320 , 1-val_avg_n_loss:0.9107
[2025-05-29 12:02:57,636]::3117675266::DEBUG::Epoch: 31 , 1-MAE: 0.9115 , 1-Training Loss: 0.9847 , 1-val_avg_o_loss:0.9124 , 1-val_avg_c_loss:0.9127 , 1-val_avg_e_loss:0.8969 , 1-val_avg_a_loss:0.9299 , 1-val_avg_n_loss:0.9056
[2025-05-29 12:05:59,704]::3117675266::DEBUG::Epoch: 32 , 1-MAE: 0.9139 , 1-Training Loss: 0.9851 , 1-val_avg_o_loss:0.9125 , 1-val_avg_c_loss:0.9149 , 1-val_avg_e_loss:0.8970 , 1-val_avg_a_loss:0.9331 , 1-val_avg_n_loss:0.9118
[2025-05-29 12:09:01,788]::3117675266::DEBUG::Epoch: 33 , 1-MAE: 0.9122 , 1-Training Loss: 0.9859 , 1-val_avg_o_loss:0.9138 , 1-val_avg_c_loss:0.9151 , 1-val_avg_e_loss:0.8970 , 1-val_avg_a_loss:0.9316 , 1-val_avg_n_loss:0.9033
[2025-05-29 12:12:04,352]::3117675266::DEBUG::Epoch: 34 , 1-MAE: 0.9148 , 1-Training Loss: 0.9855 , 1-val_avg_o_loss:0.9137 , 1-val_avg_c_loss:0.9151 , 1-val_avg_e_loss:0.9002 , 1-val_avg_a_loss:0.9327 , 1-val_avg_n_loss:0.9123
[2025-05-29 12:15:06,051]::3117675266::DEBUG::Epoch: 35 , 1-MAE: 0.9133 , 1-Training Loss: 0.9857 , 1-val_avg_o_loss:0.9132 , 1-val_avg_c_loss:0.9134 , 1-val_avg_e_loss:0.8980 , 1-val_avg_a_loss:0.9315 , 1-val_avg_n_loss:0.9106
[2025-05-29 12:18:07,180]::3117675266::DEBUG::Epoch: 36 , 1-MAE: 0.9142 , 1-Training Loss: 0.9863 , 1-val_avg_o_loss:0.9135 , 1-val_avg_c_loss:0.9165 , 1-val_avg_e_loss:0.8988 , 1-val_avg_a_loss:0.9332 , 1-val_avg_n_loss:0.9091
[2025-05-29 12:21:08,881]::3117675266::DEBUG::Epoch: 37 , 1-MAE: 0.9145 , 1-Training Loss: 0.9863 , 1-val_avg_o_loss:0.9159 , 1-val_avg_c_loss:0.9157 , 1-val_avg_e_loss:0.8993 , 1-val_avg_a_loss:0.9328 , 1-val_avg_n_loss:0.9088
[2025-05-29 12:24:10,734]::3117675266::DEBUG::Epoch: 38 , 1-MAE: 0.9142 , 1-Training Loss: 0.9866 , 1-val_avg_o_loss:0.9138 , 1-val_avg_c_loss:0.9152 , 1-val_avg_e_loss:0.8974 , 1-val_avg_a_loss:0.9325 , 1-val_avg_n_loss:0.9122
[2025-05-29 12:27:12,521]::3117675266::DEBUG::Epoch: 39 , 1-MAE: 0.9131 , 1-Training Loss: 0.9863 , 1-val_avg_o_loss:0.9153 , 1-val_avg_c_loss:0.9152 , 1-val_avg_e_loss:0.8954 , 1-val_avg_a_loss:0.9308 , 1-val_avg_n_loss:0.9090
[2025-05-29 12:30:14,812]::3117675266::DEBUG::Epoch: 40 , 1-MAE: 0.9136 , 1-Training Loss: 0.9867 , 1-val_avg_o_loss:0.9139 , 1-val_avg_c_loss:0.9149 , 1-val_avg_e_loss:0.8967 , 1-val_avg_a_loss:0.9329 , 1-val_avg_n_loss:0.9095
[2025-05-29 12:33:16,430]::3117675266::DEBUG::Epoch: 41 , 1-MAE: 0.9131 , 1-Training Loss: 0.9872 , 1-val_avg_o_loss:0.9133 , 1-val_avg_c_loss:0.9153 , 1-val_avg_e_loss:0.8967 , 1-val_avg_a_loss:0.9325 , 1-val_avg_n_loss:0.9074
[2025-05-29 12:36:18,104]::3117675266::DEBUG::Epoch: 42 , 1-MAE: 0.9128 , 1-Training Loss: 0.9873 , 1-val_avg_o_loss:0.9101 , 1-val_avg_c_loss:0.9150 , 1-val_avg_e_loss:0.8952 , 1-val_avg_a_loss:0.9336 , 1-val_avg_n_loss:0.9101
[2025-05-29 12:39:20,095]::3117675266::DEBUG::Epoch: 43 , 1-MAE: 0.9142 , 1-Training Loss: 0.9874 , 1-val_avg_o_loss:0.9154 , 1-val_avg_c_loss:0.9159 , 1-val_avg_e_loss:0.8967 , 1-val_avg_a_loss:0.9326 , 1-val_avg_n_loss:0.9103
[2025-05-29 12:42:21,751]::3117675266::DEBUG::Epoch: 44 , 1-MAE: 0.9123 , 1-Training Loss: 0.9877 , 1-val_avg_o_loss:0.9137 , 1-val_avg_c_loss:0.9139 , 1-val_avg_e_loss:0.8948 , 1-val_avg_a_loss:0.9300 , 1-val_avg_n_loss:0.9092
[2025-05-29 12:45:23,979]::3117675266::DEBUG::Epoch: 45 , 1-MAE: 0.9139 , 1-Training Loss: 0.9881 , 1-val_avg_o_loss:0.9143 , 1-val_avg_c_loss:0.9145 , 1-val_avg_e_loss:0.8969 , 1-val_avg_a_loss:0.9329 , 1-val_avg_n_loss:0.9110
[2025-05-29 12:48:25,709]::3117675266::DEBUG::Epoch: 46 , 1-MAE: 0.9142 , 1-Training Loss: 0.9879 , 1-val_avg_o_loss:0.9153 , 1-val_avg_c_loss:0.9150 , 1-val_avg_e_loss:0.8975 , 1-val_avg_a_loss:0.9334 , 1-val_avg_n_loss:0.9098
[2025-05-29 12:51:28,067]::3117675266::DEBUG::Epoch: 47 , 1-MAE: 0.9149 , 1-Training Loss: 0.9878 , 1-val_avg_o_loss:0.9145 , 1-val_avg_c_loss:0.9175 , 1-val_avg_e_loss:0.8980 , 1-val_avg_a_loss:0.9351 , 1-val_avg_n_loss:0.9097
[2025-05-29 12:54:29,658]::3117675266::DEBUG::Epoch: 48 , 1-MAE: 0.9134 , 1-Training Loss: 0.9884 , 1-val_avg_o_loss:0.9143 , 1-val_avg_c_loss:0.9134 , 1-val_avg_e_loss:0.8972 , 1-val_avg_a_loss:0.9325 , 1-val_avg_n_loss:0.9096
[2025-05-29 12:57:31,432]::3117675266::DEBUG::Epoch: 49 , 1-MAE: 0.9135 , 1-Training Loss: 0.9879 , 1-val_avg_o_loss:0.9156 , 1-val_avg_c_loss:0.9133 , 1-val_avg_e_loss:0.8979 , 1-val_avg_a_loss:0.9317 , 1-val_avg_n_loss:0.9092
[2025-05-29 13:00:33,394]::3117675266::DEBUG::Epoch: 50 , 1-MAE: 0.9132 , 1-Training Loss: 0.9883 , 1-val_avg_o_loss:0.9153 , 1-val_avg_c_loss:0.9140 , 1-val_avg_e_loss:0.8944 , 1-val_avg_a_loss:0.9322 , 1-val_avg_n_loss:0.9105
[2025-05-29 13:03:35,414]::3117675266::DEBUG::Epoch: 51 , 1-MAE: 0.9131 , 1-Training Loss: 0.9890 , 1-val_avg_o_loss:0.9129 , 1-val_avg_c_loss:0.9151 , 1-val_avg_e_loss:0.8970 , 1-val_avg_a_loss:0.9316 , 1-val_avg_n_loss:0.9088
[2025-05-29 13:06:37,897]::3117675266::DEBUG::Epoch: 52 , 1-MAE: 0.9145 , 1-Training Loss: 0.9888 , 1-val_avg_o_loss:0.9143 , 1-val_avg_c_loss:0.9167 , 1-val_avg_e_loss:0.8984 , 1-val_avg_a_loss:0.9328 , 1-val_avg_n_loss:0.9104
[2025-05-29 13:09:39,854]::3117675266::DEBUG::Epoch: 53 , 1-MAE: 0.9133 , 1-Training Loss: 0.9890 , 1-val_avg_o_loss:0.9148 , 1-val_avg_c_loss:0.9136 , 1-val_avg_e_loss:0.8976 , 1-val_avg_a_loss:0.9310 , 1-val_avg_n_loss:0.9095
[2025-05-29 13:12:41,396]::3117675266::DEBUG::Epoch: 54 , 1-MAE: 0.9142 , 1-Training Loss: 0.9890 , 1-val_avg_o_loss:0.9150 , 1-val_avg_c_loss:0.9152 , 1-val_avg_e_loss:0.8987 , 1-val_avg_a_loss:0.9314 , 1-val_avg_n_loss:0.9107
[2025-05-29 13:15:43,576]::3117675266::DEBUG::Epoch: 55 , 1-MAE: 0.9135 , 1-Training Loss: 0.9892 , 1-val_avg_o_loss:0.9129 , 1-val_avg_c_loss:0.9167 , 1-val_avg_e_loss:0.8961 , 1-val_avg_a_loss:0.9302 , 1-val_avg_n_loss:0.9115
[2025-05-29 13:18:46,647]::3117675266::DEBUG::Epoch: 56 , 1-MAE: 0.9153 , 1-Training Loss: 0.9894 , 1-val_avg_o_loss:0.9156 , 1-val_avg_c_loss:0.9168 , 1-val_avg_e_loss:0.8984 , 1-val_avg_a_loss:0.9337 , 1-val_avg_n_loss:0.9120
[2025-05-29 13:21:48,361]::3117675266::DEBUG::Epoch: 57 , 1-MAE: 0.9142 , 1-Training Loss: 0.9893 , 1-val_avg_o_loss:0.9145 , 1-val_avg_c_loss:0.9152 , 1-val_avg_e_loss:0.8997 , 1-val_avg_a_loss:0.9318 , 1-val_avg_n_loss:0.9099
[2025-05-29 13:24:50,000]::3117675266::DEBUG::Epoch: 58 , 1-MAE: 0.9128 , 1-Training Loss: 0.9893 , 1-val_avg_o_loss:0.9140 , 1-val_avg_c_loss:0.9135 , 1-val_avg_e_loss:0.8978 , 1-val_avg_a_loss:0.9285 , 1-val_avg_n_loss:0.9102
[2025-05-29 13:27:51,887]::3117675266::DEBUG::Epoch: 59 , 1-MAE: 0.9143 , 1-Training Loss: 0.9899 , 1-val_avg_o_loss:0.9144 , 1-val_avg_c_loss:0.9164 , 1-val_avg_e_loss:0.8986 , 1-val_avg_a_loss:0.9330 , 1-val_avg_n_loss:0.9092
[2025-05-29 13:30:53,604]::3117675266::DEBUG::Epoch: 60 , 1-MAE: 0.9149 , 1-Training Loss: 0.9897 , 1-val_avg_o_loss:0.9149 , 1-val_avg_c_loss:0.9163 , 1-val_avg_e_loss:0.8991 , 1-val_avg_a_loss:0.9328 , 1-val_avg_n_loss:0.9112
[2025-05-29 13:33:55,359]::3117675266::DEBUG::Epoch: 61 , 1-MAE: 0.9131 , 1-Training Loss: 0.9902 , 1-val_avg_o_loss:0.9116 , 1-val_avg_c_loss:0.9145 , 1-val_avg_e_loss:0.8967 , 1-val_avg_a_loss:0.9334 , 1-val_avg_n_loss:0.9095
[2025-05-29 13:36:57,186]::3117675266::DEBUG::Epoch: 62 , 1-MAE: 0.9136 , 1-Training Loss: 0.9898 , 1-val_avg_o_loss:0.9163 , 1-val_avg_c_loss:0.9153 , 1-val_avg_e_loss:0.8957 , 1-val_avg_a_loss:0.9311 , 1-val_avg_n_loss:0.9099
[2025-05-29 13:39:58,924]::3117675266::DEBUG::Epoch: 63 , 1-MAE: 0.9134 , 1-Training Loss: 0.9898 , 1-val_avg_o_loss:0.9144 , 1-val_avg_c_loss:0.9162 , 1-val_avg_e_loss:0.8953 , 1-val_avg_a_loss:0.9306 , 1-val_avg_n_loss:0.9105
[2025-05-29 13:43:00,504]::3117675266::DEBUG::Epoch: 64 , 1-MAE: 0.9132 , 1-Training Loss: 0.9900 , 1-val_avg_o_loss:0.9131 , 1-val_avg_c_loss:0.9155 , 1-val_avg_e_loss:0.8960 , 1-val_avg_a_loss:0.9311 , 1-val_avg_n_loss:0.9104
[2025-05-29 13:46:02,468]::3117675266::DEBUG::Epoch: 65 , 1-MAE: 0.9134 , 1-Training Loss: 0.9902 , 1-val_avg_o_loss:0.9171 , 1-val_avg_c_loss:0.9136 , 1-val_avg_e_loss:0.8961 , 1-val_avg_a_loss:0.9323 , 1-val_avg_n_loss:0.9081
[2025-05-29 13:49:03,728]::3117675266::DEBUG::Epoch: 66 , 1-MAE: 0.9142 , 1-Training Loss: 0.9901 , 1-val_avg_o_loss:0.9141 , 1-val_avg_c_loss:0.9148 , 1-val_avg_e_loss:0.8981 , 1-val_avg_a_loss:0.9326 , 1-val_avg_n_loss:0.9114
[2025-05-29 13:52:05,301]::3117675266::DEBUG::Epoch: 67 , 1-MAE: 0.9133 , 1-Training Loss: 0.9899 , 1-val_avg_o_loss:0.9156 , 1-val_avg_c_loss:0.9146 , 1-val_avg_e_loss:0.8955 , 1-val_avg_a_loss:0.9329 , 1-val_avg_n_loss:0.9076
[2025-05-29 13:55:06,688]::3117675266::DEBUG::Epoch: 68 , 1-MAE: 0.9143 , 1-Training Loss: 0.9903 , 1-val_avg_o_loss:0.9163 , 1-val_avg_c_loss:0.9155 , 1-val_avg_e_loss:0.8966 , 1-val_avg_a_loss:0.9335 , 1-val_avg_n_loss:0.9096
[2025-05-29 13:58:08,895]::3117675266::DEBUG::Epoch: 69 , 1-MAE: 0.9150 , 1-Training Loss: 0.9910 , 1-val_avg_o_loss:0.9181 , 1-val_avg_c_loss:0.9157 , 1-val_avg_e_loss:0.8978 , 1-val_avg_a_loss:0.9322 , 1-val_avg_n_loss:0.9114
[2025-05-29 14:01:10,941]::3117675266::DEBUG::Epoch: 70 , 1-MAE: 0.9141 , 1-Training Loss: 0.9906 , 1-val_avg_o_loss:0.9159 , 1-val_avg_c_loss:0.9163 , 1-val_avg_e_loss:0.8969 , 1-val_avg_a_loss:0.9321 , 1-val_avg_n_loss:0.9093
[2025-05-29 14:04:12,741]::3117675266::DEBUG::Epoch: 71 , 1-MAE: 0.9149 , 1-Training Loss: 0.9913 , 1-val_avg_o_loss:0.9169 , 1-val_avg_c_loss:0.9163 , 1-val_avg_e_loss:0.8981 , 1-val_avg_a_loss:0.9321 , 1-val_avg_n_loss:0.9110
[2025-05-29 14:07:14,453]::3117675266::DEBUG::Epoch: 72 , 1-MAE: 0.9141 , 1-Training Loss: 0.9908 , 1-val_avg_o_loss:0.9151 , 1-val_avg_c_loss:0.9143 , 1-val_avg_e_loss:0.8959 , 1-val_avg_a_loss:0.9317 , 1-val_avg_n_loss:0.9135
[2025-05-29 14:10:16,250]::3117675266::DEBUG::Epoch: 73 , 1-MAE: 0.9137 , 1-Training Loss: 0.9912 , 1-val_avg_o_loss:0.9144 , 1-val_avg_c_loss:0.9173 , 1-val_avg_e_loss:0.8949 , 1-val_avg_a_loss:0.9327 , 1-val_avg_n_loss:0.9094
[2025-05-29 14:13:18,022]::3117675266::DEBUG::Epoch: 74 , 1-MAE: 0.9141 , 1-Training Loss: 0.9911 , 1-val_avg_o_loss:0.9161 , 1-val_avg_c_loss:0.9153 , 1-val_avg_e_loss:0.8965 , 1-val_avg_a_loss:0.9324 , 1-val_avg_n_loss:0.9102
[2025-05-29 14:16:19,656]::3117675266::DEBUG::Epoch: 75 , 1-MAE: 0.9136 , 1-Training Loss: 0.9910 , 1-val_avg_o_loss:0.9164 , 1-val_avg_c_loss:0.9150 , 1-val_avg_e_loss:0.8986 , 1-val_avg_a_loss:0.9302 , 1-val_avg_n_loss:0.9076
[2025-05-29 14:19:21,450]::3117675266::DEBUG::Epoch: 76 , 1-MAE: 0.9138 , 1-Training Loss: 0.9909 , 1-val_avg_o_loss:0.9162 , 1-val_avg_c_loss:0.9139 , 1-val_avg_e_loss:0.8974 , 1-val_avg_a_loss:0.9328 , 1-val_avg_n_loss:0.9088
[2025-05-29 14:22:23,796]::3117675266::DEBUG::Epoch: 77 , 1-MAE: 0.9145 , 1-Training Loss: 0.9911 , 1-val_avg_o_loss:0.9167 , 1-val_avg_c_loss:0.9166 , 1-val_avg_e_loss:0.8975 , 1-val_avg_a_loss:0.9316 , 1-val_avg_n_loss:0.9102
[2025-05-29 14:25:25,942]::3117675266::DEBUG::Epoch: 78 , 1-MAE: 0.9129 , 1-Training Loss: 0.9912 , 1-val_avg_o_loss:0.9153 , 1-val_avg_c_loss:0.9148 , 1-val_avg_e_loss:0.8959 , 1-val_avg_a_loss:0.9313 , 1-val_avg_n_loss:0.9074
[2025-05-29 14:28:27,874]::3117675266::DEBUG::Epoch: 79 , 1-MAE: 0.9131 , 1-Training Loss: 0.9917 , 1-val_avg_o_loss:0.9166 , 1-val_avg_c_loss:0.9145 , 1-val_avg_e_loss:0.8950 , 1-val_avg_a_loss:0.9311 , 1-val_avg_n_loss:0.9083
[2025-05-29 14:31:29,177]::3117675266::DEBUG::Epoch: 80 , 1-MAE: 0.9145 , 1-Training Loss: 0.9915 , 1-val_avg_o_loss:0.9165 , 1-val_avg_c_loss:0.9155 , 1-val_avg_e_loss:0.8970 , 1-val_avg_a_loss:0.9327 , 1-val_avg_n_loss:0.9110
[2025-05-29 14:34:31,298]::3117675266::DEBUG::Epoch: 81 , 1-MAE: 0.9144 , 1-Training Loss: 0.9916 , 1-val_avg_o_loss:0.9159 , 1-val_avg_c_loss:0.9168 , 1-val_avg_e_loss:0.8966 , 1-val_avg_a_loss:0.9322 , 1-val_avg_n_loss:0.9104
[2025-05-29 14:37:33,337]::3117675266::DEBUG::Epoch: 82 , 1-MAE: 0.9144 , 1-Training Loss: 0.9913 , 1-val_avg_o_loss:0.9153 , 1-val_avg_c_loss:0.9155 , 1-val_avg_e_loss:0.8978 , 1-val_avg_a_loss:0.9323 , 1-val_avg_n_loss:0.9109
[2025-05-29 14:40:35,247]::3117675266::DEBUG::Epoch: 83 , 1-MAE: 0.9150 , 1-Training Loss: 0.9915 , 1-val_avg_o_loss:0.9164 , 1-val_avg_c_loss:0.9169 , 1-val_avg_e_loss:0.8985 , 1-val_avg_a_loss:0.9327 , 1-val_avg_n_loss:0.9106
[2025-05-29 14:43:36,938]::3117675266::DEBUG::Epoch: 84 , 1-MAE: 0.9142 , 1-Training Loss: 0.9917 , 1-val_avg_o_loss:0.9142 , 1-val_avg_c_loss:0.9163 , 1-val_avg_e_loss:0.8979 , 1-val_avg_a_loss:0.9318 , 1-val_avg_n_loss:0.9106
[2025-05-29 14:46:39,008]::3117675266::DEBUG::Epoch: 85 , 1-MAE: 0.9142 , 1-Training Loss: 0.9916 , 1-val_avg_o_loss:0.9157 , 1-val_avg_c_loss:0.9164 , 1-val_avg_e_loss:0.8974 , 1-val_avg_a_loss:0.9317 , 1-val_avg_n_loss:0.9100
[2025-05-29 14:49:41,147]::3117675266::DEBUG::Epoch: 86 , 1-MAE: 0.9141 , 1-Training Loss: 0.9917 , 1-val_avg_o_loss:0.9168 , 1-val_avg_c_loss:0.9154 , 1-val_avg_e_loss:0.8969 , 1-val_avg_a_loss:0.9332 , 1-val_avg_n_loss:0.9084
[2025-05-29 14:52:43,840]::3117675266::DEBUG::Epoch: 87 , 1-MAE: 0.9131 , 1-Training Loss: 0.9918 , 1-val_avg_o_loss:0.9161 , 1-val_avg_c_loss:0.9133 , 1-val_avg_e_loss:0.8953 , 1-val_avg_a_loss:0.9319 , 1-val_avg_n_loss:0.9091
[2025-05-29 14:55:45,962]::3117675266::DEBUG::Epoch: 88 , 1-MAE: 0.9132 , 1-Training Loss: 0.9918 , 1-val_avg_o_loss:0.9144 , 1-val_avg_c_loss:0.9139 , 1-val_avg_e_loss:0.8964 , 1-val_avg_a_loss:0.9317 , 1-val_avg_n_loss:0.9095
[2025-05-29 14:58:48,058]::3117675266::DEBUG::Epoch: 89 , 1-MAE: 0.9132 , 1-Training Loss: 0.9919 , 1-val_avg_o_loss:0.9143 , 1-val_avg_c_loss:0.9158 , 1-val_avg_e_loss:0.8942 , 1-val_avg_a_loss:0.9308 , 1-val_avg_n_loss:0.9110
[2025-05-29 15:01:50,435]::3117675266::DEBUG::Epoch: 90 , 1-MAE: 0.9137 , 1-Training Loss: 0.9921 , 1-val_avg_o_loss:0.9154 , 1-val_avg_c_loss:0.9156 , 1-val_avg_e_loss:0.8954 , 1-val_avg_a_loss:0.9312 , 1-val_avg_n_loss:0.9110
[2025-05-29 15:04:52,154]::3117675266::DEBUG::Epoch: 91 , 1-MAE: 0.9140 , 1-Training Loss: 0.9921 , 1-val_avg_o_loss:0.9167 , 1-val_avg_c_loss:0.9157 , 1-val_avg_e_loss:0.8977 , 1-val_avg_a_loss:0.9303 , 1-val_avg_n_loss:0.9096
[2025-05-29 15:07:54,261]::3117675266::DEBUG::Epoch: 92 , 1-MAE: 0.9140 , 1-Training Loss: 0.9923 , 1-val_avg_o_loss:0.9146 , 1-val_avg_c_loss:0.9159 , 1-val_avg_e_loss:0.8973 , 1-val_avg_a_loss:0.9328 , 1-val_avg_n_loss:0.9093
[2025-05-29 15:10:56,555]::3117675266::DEBUG::Epoch: 93 , 1-MAE: 0.9129 , 1-Training Loss: 0.9923 , 1-val_avg_o_loss:0.9156 , 1-val_avg_c_loss:0.9156 , 1-val_avg_e_loss:0.8957 , 1-val_avg_a_loss:0.9309 , 1-val_avg_n_loss:0.9068
[2025-05-29 15:13:58,621]::3117675266::DEBUG::Epoch: 94 , 1-MAE: 0.9146 , 1-Training Loss: 0.9924 , 1-val_avg_o_loss:0.9170 , 1-val_avg_c_loss:0.9149 , 1-val_avg_e_loss:0.8987 , 1-val_avg_a_loss:0.9324 , 1-val_avg_n_loss:0.9100
[2025-05-29 15:17:00,409]::3117675266::DEBUG::Epoch: 95 , 1-MAE: 0.9140 , 1-Training Loss: 0.9925 , 1-val_avg_o_loss:0.9152 , 1-val_avg_c_loss:0.9160 , 1-val_avg_e_loss:0.8960 , 1-val_avg_a_loss:0.9322 , 1-val_avg_n_loss:0.9108
[2025-05-29 15:20:02,170]::3117675266::DEBUG::Epoch: 96 , 1-MAE: 0.9147 , 1-Training Loss: 0.9924 , 1-val_avg_o_loss:0.9161 , 1-val_avg_c_loss:0.9154 , 1-val_avg_e_loss:0.8974 , 1-val_avg_a_loss:0.9322 , 1-val_avg_n_loss:0.9121
[2025-05-29 15:23:03,746]::3117675266::DEBUG::Epoch: 97 , 1-MAE: 0.9138 , 1-Training Loss: 0.9925 , 1-val_avg_o_loss:0.9148 , 1-val_avg_c_loss:0.9158 , 1-val_avg_e_loss:0.8968 , 1-val_avg_a_loss:0.9331 , 1-val_avg_n_loss:0.9086
[2025-05-29 15:26:05,649]::3117675266::DEBUG::Epoch: 98 , 1-MAE: 0.9133 , 1-Training Loss: 0.9924 , 1-val_avg_o_loss:0.9159 , 1-val_avg_c_loss:0.9149 , 1-val_avg_e_loss:0.8945 , 1-val_avg_a_loss:0.9306 , 1-val_avg_n_loss:0.9108
[2025-05-29 15:29:06,983]::3117675266::DEBUG::Epoch: 99 , 1-MAE: 0.9142 , 1-Training Loss: 0.9924 , 1-val_avg_o_loss:0.9170 , 1-val_avg_c_loss:0.9160 , 1-val_avg_e_loss:0.8965 , 1-val_avg_a_loss:0.9323 , 1-val_avg_n_loss:0.9091
[2025-05-29 15:32:08,985]::3117675266::DEBUG::Epoch: 100 , 1-MAE: 0.9135 , 1-Training Loss: 0.9926 , 1-val_avg_o_loss:0.9162 , 1-val_avg_c_loss:0.9157 , 1-val_avg_e_loss:0.8965 , 1-val_avg_a_loss:0.9311 , 1-val_avg_n_loss:0.9081
[2025-05-29 15:35:10,849]::3117675266::DEBUG::Epoch: 101 , 1-MAE: 0.9144 , 1-Training Loss: 0.9929 , 1-val_avg_o_loss:0.9167 , 1-val_avg_c_loss:0.9147 , 1-val_avg_e_loss:0.8989 , 1-val_avg_a_loss:0.9315 , 1-val_avg_n_loss:0.9101
[2025-05-29 15:38:12,710]::3117675266::DEBUG::Epoch: 102 , 1-MAE: 0.9125 , 1-Training Loss: 0.9923 , 1-val_avg_o_loss:0.9160 , 1-val_avg_c_loss:0.9142 , 1-val_avg_e_loss:0.8960 , 1-val_avg_a_loss:0.9320 , 1-val_avg_n_loss:0.9042
[2025-05-29 15:41:14,547]::3117675266::DEBUG::Epoch: 103 , 1-MAE: 0.9134 , 1-Training Loss: 0.9924 , 1-val_avg_o_loss:0.9153 , 1-val_avg_c_loss:0.9154 , 1-val_avg_e_loss:0.8960 , 1-val_avg_a_loss:0.9310 , 1-val_avg_n_loss:0.9095
[2025-05-29 15:44:16,550]::3117675266::DEBUG::Epoch: 104 , 1-MAE: 0.9141 , 1-Training Loss: 0.9927 , 1-val_avg_o_loss:0.9162 , 1-val_avg_c_loss:0.9156 , 1-val_avg_e_loss:0.8973 , 1-val_avg_a_loss:0.9318 , 1-val_avg_n_loss:0.9098
[2025-05-29 15:47:18,174]::3117675266::DEBUG::Epoch: 105 , 1-MAE: 0.9135 , 1-Training Loss: 0.9926 , 1-val_avg_o_loss:0.9151 , 1-val_avg_c_loss:0.9151 , 1-val_avg_e_loss:0.8969 , 1-val_avg_a_loss:0.9309 , 1-val_avg_n_loss:0.9097
[2025-05-29 15:50:19,831]::3117675266::DEBUG::Epoch: 106 , 1-MAE: 0.9139 , 1-Training Loss: 0.9926 , 1-val_avg_o_loss:0.9155 , 1-val_avg_c_loss:0.9162 , 1-val_avg_e_loss:0.8966 , 1-val_avg_a_loss:0.9315 , 1-val_avg_n_loss:0.9098
[2025-05-29 15:53:22,465]::3117675266::DEBUG::Epoch: 107 , 1-MAE: 0.9146 , 1-Training Loss: 0.9929 , 1-val_avg_o_loss:0.9157 , 1-val_avg_c_loss:0.9156 , 1-val_avg_e_loss:0.8995 , 1-val_avg_a_loss:0.9317 , 1-val_avg_n_loss:0.9107
[2025-05-29 15:56:24,927]::3117675266::DEBUG::Epoch: 108 , 1-MAE: 0.9141 , 1-Training Loss: 0.9929 , 1-val_avg_o_loss:0.9161 , 1-val_avg_c_loss:0.9135 , 1-val_avg_e_loss:0.8976 , 1-val_avg_a_loss:0.9332 , 1-val_avg_n_loss:0.9103
[2025-05-29 15:59:27,049]::3117675266::DEBUG::Epoch: 109 , 1-MAE: 0.9142 , 1-Training Loss: 0.9931 , 1-val_avg_o_loss:0.9155 , 1-val_avg_c_loss:0.9144 , 1-val_avg_e_loss:0.8962 , 1-val_avg_a_loss:0.9333 , 1-val_avg_n_loss:0.9117
[2025-05-29 16:02:29,554]::3117675266::DEBUG::Epoch: 110 , 1-MAE: 0.9145 , 1-Training Loss: 0.9931 , 1-val_avg_o_loss:0.9172 , 1-val_avg_c_loss:0.9153 , 1-val_avg_e_loss:0.8969 , 1-val_avg_a_loss:0.9317 , 1-val_avg_n_loss:0.9113
[2025-05-29 16:05:31,693]::3117675266::DEBUG::Epoch: 111 , 1-MAE: 0.9134 , 1-Training Loss: 0.9931 , 1-val_avg_o_loss:0.9154 , 1-val_avg_c_loss:0.9143 , 1-val_avg_e_loss:0.8954 , 1-val_avg_a_loss:0.9323 , 1-val_avg_n_loss:0.9096
[2025-05-29 16:08:34,117]::3117675266::DEBUG::Epoch: 112 , 1-MAE: 0.9138 , 1-Training Loss: 0.9931 , 1-val_avg_o_loss:0.9147 , 1-val_avg_c_loss:0.9148 , 1-val_avg_e_loss:0.8977 , 1-val_avg_a_loss:0.9320 , 1-val_avg_n_loss:0.9096
[2025-05-29 16:11:36,607]::3117675266::DEBUG::Epoch: 113 , 1-MAE: 0.9133 , 1-Training Loss: 0.9932 , 1-val_avg_o_loss:0.9172 , 1-val_avg_c_loss:0.9144 , 1-val_avg_e_loss:0.8960 , 1-val_avg_a_loss:0.9317 , 1-val_avg_n_loss:0.9071
[2025-05-29 16:14:39,033]::3117675266::DEBUG::Epoch: 114 , 1-MAE: 0.9132 , 1-Training Loss: 0.9931 , 1-val_avg_o_loss:0.9168 , 1-val_avg_c_loss:0.9149 , 1-val_avg_e_loss:0.8947 , 1-val_avg_a_loss:0.9321 , 1-val_avg_n_loss:0.9077
[2025-05-29 16:17:40,747]::3117675266::DEBUG::Epoch: 115 , 1-MAE: 0.9131 , 1-Training Loss: 0.9930 , 1-val_avg_o_loss:0.9157 , 1-val_avg_c_loss:0.9142 , 1-val_avg_e_loss:0.8953 , 1-val_avg_a_loss:0.9328 , 1-val_avg_n_loss:0.9077
[2025-05-29 16:20:42,103]::3117675266::DEBUG::Epoch: 116 , 1-MAE: 0.9138 , 1-Training Loss: 0.9935 , 1-val_avg_o_loss:0.9163 , 1-val_avg_c_loss:0.9144 , 1-val_avg_e_loss:0.8976 , 1-val_avg_a_loss:0.9317 , 1-val_avg_n_loss:0.9090
[2025-05-29 16:23:43,876]::3117675266::DEBUG::Epoch: 117 , 1-MAE: 0.9142 , 1-Training Loss: 0.9934 , 1-val_avg_o_loss:0.9164 , 1-val_avg_c_loss:0.9151 , 1-val_avg_e_loss:0.8966 , 1-val_avg_a_loss:0.9335 , 1-val_avg_n_loss:0.9094
[2025-05-29 16:26:46,006]::3117675266::DEBUG::Epoch: 118 , 1-MAE: 0.9144 , 1-Training Loss: 0.9932 , 1-val_avg_o_loss:0.9161 , 1-val_avg_c_loss:0.9174 , 1-val_avg_e_loss:0.8973 , 1-val_avg_a_loss:0.9324 , 1-val_avg_n_loss:0.9086
[2025-05-29 16:29:47,591]::3117675266::DEBUG::Epoch: 119 , 1-MAE: 0.9142 , 1-Training Loss: 0.9933 , 1-val_avg_o_loss:0.9159 , 1-val_avg_c_loss:0.9163 , 1-val_avg_e_loss:0.8972 , 1-val_avg_a_loss:0.9321 , 1-val_avg_n_loss:0.9096
[2025-05-29 16:32:49,034]::3117675266::DEBUG::Epoch: 120 , 1-MAE: 0.9139 , 1-Training Loss: 0.9935 , 1-val_avg_o_loss:0.9167 , 1-val_avg_c_loss:0.9151 , 1-val_avg_e_loss:0.8968 , 1-val_avg_a_loss:0.9320 , 1-val_avg_n_loss:0.9087
[2025-06-17 14:51:57,549]::2022985491::DEBUG::=============/home/oem/qx/KETIdatamodel516/extract_kr_15frame_v_a/data+Video Vision Transformer Strat!=============
[2025-06-17 14:53:50,187]::3117675266::DEBUG::Epoch: 1 , 1-MAE: 0.9122 , 1-Training Loss: 0.9090 , 1-val_avg_o_loss:0.9072 , 1-val_avg_c_loss:0.9130 , 1-val_avg_e_loss:0.8999 , 1-val_avg_a_loss:0.9319 , 1-val_avg_n_loss:0.9087
[2025-06-17 14:55:38,236]::3117675266::DEBUG::Epoch: 2 , 1-MAE: 0.9100 , 1-Training Loss: 0.9335 , 1-val_avg_o_loss:0.9105 , 1-val_avg_c_loss:0.9051 , 1-val_avg_e_loss:0.8962 , 1-val_avg_a_loss:0.9318 , 1-val_avg_n_loss:0.9062
[2025-06-17 14:57:26,611]::3117675266::DEBUG::Epoch: 3 , 1-MAE: 0.9080 , 1-Training Loss: 0.9460 , 1-val_avg_o_loss:0.9006 , 1-val_avg_c_loss:0.9035 , 1-val_avg_e_loss:0.9006 , 1-val_avg_a_loss:0.9322 , 1-val_avg_n_loss:0.9030
[2025-06-17 15:00:07,650]::3184030073::DEBUG::=============/home/oem/qx/KETIdatamodel516/extract_kr_15frame_v_a/data+Video Vision Transformer Strat!=============
[2025-06-17 15:01:58,756]::3117675266::DEBUG::Epoch: 1 , 1-MAE: 0.9062 , 1-Training Loss: 0.9068 , 1-val_avg_o_loss:0.9071 , 1-val_avg_c_loss:0.8839 , 1-val_avg_e_loss:0.8965 , 1-val_avg_a_loss:0.9298 , 1-val_avg_n_loss:0.9136
[2025-06-17 15:03:46,413]::3117675266::DEBUG::Epoch: 2 , 1-MAE: 0.9123 , 1-Training Loss: 0.9345 , 1-val_avg_o_loss:0.9116 , 1-val_avg_c_loss:0.9150 , 1-val_avg_e_loss:0.8913 , 1-val_avg_a_loss:0.9316 , 1-val_avg_n_loss:0.9121
[2025-06-17 15:05:33,291]::3117675266::DEBUG::Epoch: 3 , 1-MAE: 0.9066 , 1-Training Loss: 0.9487 , 1-val_avg_o_loss:0.9034 , 1-val_avg_c_loss:0.9090 , 1-val_avg_e_loss:0.8906 , 1-val_avg_a_loss:0.9246 , 1-val_avg_n_loss:0.9051
[2025-06-17 15:07:20,110]::3117675266::DEBUG::Epoch: 4 , 1-MAE: 0.9078 , 1-Training Loss: 0.9531 , 1-val_avg_o_loss:0.9074 , 1-val_avg_c_loss:0.9047 , 1-val_avg_e_loss:0.8895 , 1-val_avg_a_loss:0.9313 , 1-val_avg_n_loss:0.9062
[2025-06-17 15:09:07,099]::3117675266::DEBUG::Epoch: 5 , 1-MAE: 0.9072 , 1-Training Loss: 0.9609 , 1-val_avg_o_loss:0.9063 , 1-val_avg_c_loss:0.9047 , 1-val_avg_e_loss:0.8918 , 1-val_avg_a_loss:0.9290 , 1-val_avg_n_loss:0.9041
[2025-06-17 15:10:53,965]::3117675266::DEBUG::Epoch: 6 , 1-MAE: 0.9024 , 1-Training Loss: 0.9637 , 1-val_avg_o_loss:0.9151 , 1-val_avg_c_loss:0.9028 , 1-val_avg_e_loss:0.8934 , 1-val_avg_a_loss:0.9167 , 1-val_avg_n_loss:0.8842
[2025-06-17 15:12:40,840]::3117675266::DEBUG::Epoch: 7 , 1-MAE: 0.9117 , 1-Training Loss: 0.9670 , 1-val_avg_o_loss:0.9100 , 1-val_avg_c_loss:0.9128 , 1-val_avg_e_loss:0.8985 , 1-val_avg_a_loss:0.9322 , 1-val_avg_n_loss:0.9052
[2025-06-17 15:14:27,955]::3117675266::DEBUG::Epoch: 8 , 1-MAE: 0.9104 , 1-Training Loss: 0.9692 , 1-val_avg_o_loss:0.9087 , 1-val_avg_c_loss:0.9120 , 1-val_avg_e_loss:0.8942 , 1-val_avg_a_loss:0.9271 , 1-val_avg_n_loss:0.9098
[2025-06-17 15:16:14,919]::3117675266::DEBUG::Epoch: 9 , 1-MAE: 0.9116 , 1-Training Loss: 0.9714 , 1-val_avg_o_loss:0.9135 , 1-val_avg_c_loss:0.9141 , 1-val_avg_e_loss:0.8966 , 1-val_avg_a_loss:0.9233 , 1-val_avg_n_loss:0.9106
[2025-06-17 15:18:01,609]::3117675266::DEBUG::Epoch: 10 , 1-MAE: 0.9110 , 1-Training Loss: 0.9736 , 1-val_avg_o_loss:0.9121 , 1-val_avg_c_loss:0.9133 , 1-val_avg_e_loss:0.8968 , 1-val_avg_a_loss:0.9306 , 1-val_avg_n_loss:0.9022
[2025-06-17 15:19:48,668]::3117675266::DEBUG::Epoch: 11 , 1-MAE: 0.9100 , 1-Training Loss: 0.9753 , 1-val_avg_o_loss:0.9073 , 1-val_avg_c_loss:0.9128 , 1-val_avg_e_loss:0.8958 , 1-val_avg_a_loss:0.9264 , 1-val_avg_n_loss:0.9076
[2025-06-17 15:21:35,737]::3117675266::DEBUG::Epoch: 12 , 1-MAE: 0.9098 , 1-Training Loss: 0.9764 , 1-val_avg_o_loss:0.9108 , 1-val_avg_c_loss:0.9085 , 1-val_avg_e_loss:0.8945 , 1-val_avg_a_loss:0.9280 , 1-val_avg_n_loss:0.9072
[2025-06-17 15:23:22,578]::3117675266::DEBUG::Epoch: 13 , 1-MAE: 0.9096 , 1-Training Loss: 0.9763 , 1-val_avg_o_loss:0.9126 , 1-val_avg_c_loss:0.9126 , 1-val_avg_e_loss:0.8912 , 1-val_avg_a_loss:0.9287 , 1-val_avg_n_loss:0.9028
[2025-06-17 15:25:09,614]::3117675266::DEBUG::Epoch: 14 , 1-MAE: 0.9117 , 1-Training Loss: 0.9781 , 1-val_avg_o_loss:0.9136 , 1-val_avg_c_loss:0.9138 , 1-val_avg_e_loss:0.8961 , 1-val_avg_a_loss:0.9321 , 1-val_avg_n_loss:0.9030
[2025-06-17 15:26:56,446]::3117675266::DEBUG::Epoch: 15 , 1-MAE: 0.9122 , 1-Training Loss: 0.9781 , 1-val_avg_o_loss:0.9142 , 1-val_avg_c_loss:0.9097 , 1-val_avg_e_loss:0.8977 , 1-val_avg_a_loss:0.9318 , 1-val_avg_n_loss:0.9074
[2025-06-17 15:28:44,046]::3117675266::DEBUG::Epoch: 16 , 1-MAE: 0.9131 , 1-Training Loss: 0.9793 , 1-val_avg_o_loss:0.9131 , 1-val_avg_c_loss:0.9144 , 1-val_avg_e_loss:0.8963 , 1-val_avg_a_loss:0.9299 , 1-val_avg_n_loss:0.9117
[2025-06-17 15:30:31,075]::3117675266::DEBUG::Epoch: 17 , 1-MAE: 0.9115 , 1-Training Loss: 0.9792 , 1-val_avg_o_loss:0.9129 , 1-val_avg_c_loss:0.9146 , 1-val_avg_e_loss:0.8948 , 1-val_avg_a_loss:0.9288 , 1-val_avg_n_loss:0.9066
[2025-06-17 15:32:17,825]::3117675266::DEBUG::Epoch: 18 , 1-MAE: 0.9106 , 1-Training Loss: 0.9808 , 1-val_avg_o_loss:0.9137 , 1-val_avg_c_loss:0.9154 , 1-val_avg_e_loss:0.8893 , 1-val_avg_a_loss:0.9316 , 1-val_avg_n_loss:0.9029
[2025-06-17 15:34:05,412]::3117675266::DEBUG::Epoch: 19 , 1-MAE: 0.9131 , 1-Training Loss: 0.9810 , 1-val_avg_o_loss:0.9150 , 1-val_avg_c_loss:0.9128 , 1-val_avg_e_loss:0.8981 , 1-val_avg_a_loss:0.9316 , 1-val_avg_n_loss:0.9081
[2025-06-17 15:35:52,231]::3117675266::DEBUG::Epoch: 20 , 1-MAE: 0.9120 , 1-Training Loss: 0.9811 , 1-val_avg_o_loss:0.9141 , 1-val_avg_c_loss:0.9123 , 1-val_avg_e_loss:0.8961 , 1-val_avg_a_loss:0.9313 , 1-val_avg_n_loss:0.9059
[2025-06-17 15:37:39,320]::3117675266::DEBUG::Epoch: 21 , 1-MAE: 0.9093 , 1-Training Loss: 0.9818 , 1-val_avg_o_loss:0.9100 , 1-val_avg_c_loss:0.9124 , 1-val_avg_e_loss:0.8951 , 1-val_avg_a_loss:0.9284 , 1-val_avg_n_loss:0.9007
[2025-06-17 15:39:27,334]::3117675266::DEBUG::Epoch: 22 , 1-MAE: 0.9136 , 1-Training Loss: 0.9827 , 1-val_avg_o_loss:0.9107 , 1-val_avg_c_loss:0.9148 , 1-val_avg_e_loss:0.8989 , 1-val_avg_a_loss:0.9323 , 1-val_avg_n_loss:0.9115
[2025-06-17 15:41:14,293]::3117675266::DEBUG::Epoch: 23 , 1-MAE: 0.9123 , 1-Training Loss: 0.9826 , 1-val_avg_o_loss:0.9129 , 1-val_avg_c_loss:0.9140 , 1-val_avg_e_loss:0.8965 , 1-val_avg_a_loss:0.9288 , 1-val_avg_n_loss:0.9091
[2025-06-17 15:43:02,425]::3117675266::DEBUG::Epoch: 24 , 1-MAE: 0.9142 , 1-Training Loss: 0.9834 , 1-val_avg_o_loss:0.9160 , 1-val_avg_c_loss:0.9155 , 1-val_avg_e_loss:0.8987 , 1-val_avg_a_loss:0.9308 , 1-val_avg_n_loss:0.9102
[2025-06-17 15:44:49,356]::3117675266::DEBUG::Epoch: 25 , 1-MAE: 0.9109 , 1-Training Loss: 0.9838 , 1-val_avg_o_loss:0.9110 , 1-val_avg_c_loss:0.9135 , 1-val_avg_e_loss:0.8933 , 1-val_avg_a_loss:0.9311 , 1-val_avg_n_loss:0.9057
[2025-06-17 15:46:36,653]::3117675266::DEBUG::Epoch: 26 , 1-MAE: 0.9141 , 1-Training Loss: 0.9842 , 1-val_avg_o_loss:0.9136 , 1-val_avg_c_loss:0.9117 , 1-val_avg_e_loss:0.8994 , 1-val_avg_a_loss:0.9350 , 1-val_avg_n_loss:0.9105
[2025-06-17 15:48:23,695]::3117675266::DEBUG::Epoch: 27 , 1-MAE: 0.9136 , 1-Training Loss: 0.9839 , 1-val_avg_o_loss:0.9132 , 1-val_avg_c_loss:0.9120 , 1-val_avg_e_loss:0.8995 , 1-val_avg_a_loss:0.9327 , 1-val_avg_n_loss:0.9106
[2025-06-17 15:50:10,767]::3117675266::DEBUG::Epoch: 28 , 1-MAE: 0.9124 , 1-Training Loss: 0.9843 , 1-val_avg_o_loss:0.9135 , 1-val_avg_c_loss:0.9120 , 1-val_avg_e_loss:0.8952 , 1-val_avg_a_loss:0.9329 , 1-val_avg_n_loss:0.9085
[2025-06-17 15:51:58,002]::3117675266::DEBUG::Epoch: 29 , 1-MAE: 0.9130 , 1-Training Loss: 0.9850 , 1-val_avg_o_loss:0.9096 , 1-val_avg_c_loss:0.9149 , 1-val_avg_e_loss:0.9005 , 1-val_avg_a_loss:0.9323 , 1-val_avg_n_loss:0.9074
[2025-06-17 15:53:45,373]::3117675266::DEBUG::Epoch: 30 , 1-MAE: 0.9133 , 1-Training Loss: 0.9848 , 1-val_avg_o_loss:0.9108 , 1-val_avg_c_loss:0.9125 , 1-val_avg_e_loss:0.9004 , 1-val_avg_a_loss:0.9330 , 1-val_avg_n_loss:0.9099
[2025-06-17 15:55:32,966]::3117675266::DEBUG::Epoch: 31 , 1-MAE: 0.9120 , 1-Training Loss: 0.9857 , 1-val_avg_o_loss:0.9132 , 1-val_avg_c_loss:0.9143 , 1-val_avg_e_loss:0.8955 , 1-val_avg_a_loss:0.9318 , 1-val_avg_n_loss:0.9051
[2025-06-17 15:57:20,529]::3117675266::DEBUG::Epoch: 32 , 1-MAE: 0.9129 , 1-Training Loss: 0.9857 , 1-val_avg_o_loss:0.9104 , 1-val_avg_c_loss:0.9139 , 1-val_avg_e_loss:0.8988 , 1-val_avg_a_loss:0.9328 , 1-val_avg_n_loss:0.9088
[2025-06-17 15:59:07,880]::3117675266::DEBUG::Epoch: 33 , 1-MAE: 0.9139 , 1-Training Loss: 0.9858 , 1-val_avg_o_loss:0.9147 , 1-val_avg_c_loss:0.9145 , 1-val_avg_e_loss:0.8966 , 1-val_avg_a_loss:0.9319 , 1-val_avg_n_loss:0.9116
[2025-06-17 16:00:55,064]::3117675266::DEBUG::Epoch: 34 , 1-MAE: 0.9124 , 1-Training Loss: 0.9856 , 1-val_avg_o_loss:0.9135 , 1-val_avg_c_loss:0.9139 , 1-val_avg_e_loss:0.8966 , 1-val_avg_a_loss:0.9304 , 1-val_avg_n_loss:0.9076
[2025-06-17 16:02:42,055]::3117675266::DEBUG::Epoch: 35 , 1-MAE: 0.9125 , 1-Training Loss: 0.9859 , 1-val_avg_o_loss:0.9153 , 1-val_avg_c_loss:0.9132 , 1-val_avg_e_loss:0.8968 , 1-val_avg_a_loss:0.9286 , 1-val_avg_n_loss:0.9085
[2025-06-17 16:04:29,412]::3117675266::DEBUG::Epoch: 36 , 1-MAE: 0.9125 , 1-Training Loss: 0.9866 , 1-val_avg_o_loss:0.9108 , 1-val_avg_c_loss:0.9136 , 1-val_avg_e_loss:0.8980 , 1-val_avg_a_loss:0.9310 , 1-val_avg_n_loss:0.9094
[2025-06-17 16:06:16,678]::3117675266::DEBUG::Epoch: 37 , 1-MAE: 0.9130 , 1-Training Loss: 0.9864 , 1-val_avg_o_loss:0.9104 , 1-val_avg_c_loss:0.9163 , 1-val_avg_e_loss:0.8971 , 1-val_avg_a_loss:0.9309 , 1-val_avg_n_loss:0.9102
[2025-06-17 16:08:03,437]::3117675266::DEBUG::Epoch: 38 , 1-MAE: 0.9138 , 1-Training Loss: 0.9869 , 1-val_avg_o_loss:0.9114 , 1-val_avg_c_loss:0.9158 , 1-val_avg_e_loss:0.8972 , 1-val_avg_a_loss:0.9321 , 1-val_avg_n_loss:0.9127
[2025-06-17 16:09:50,623]::3117675266::DEBUG::Epoch: 39 , 1-MAE: 0.9128 , 1-Training Loss: 0.9870 , 1-val_avg_o_loss:0.9110 , 1-val_avg_c_loss:0.9147 , 1-val_avg_e_loss:0.8979 , 1-val_avg_a_loss:0.9299 , 1-val_avg_n_loss:0.9107
[2025-06-17 16:11:37,705]::3117675266::DEBUG::Epoch: 40 , 1-MAE: 0.9116 , 1-Training Loss: 0.9867 , 1-val_avg_o_loss:0.9107 , 1-val_avg_c_loss:0.9148 , 1-val_avg_e_loss:0.8960 , 1-val_avg_a_loss:0.9290 , 1-val_avg_n_loss:0.9075
[2025-06-17 16:13:24,807]::3117675266::DEBUG::Epoch: 41 , 1-MAE: 0.9125 , 1-Training Loss: 0.9872 , 1-val_avg_o_loss:0.9122 , 1-val_avg_c_loss:0.9149 , 1-val_avg_e_loss:0.8959 , 1-val_avg_a_loss:0.9283 , 1-val_avg_n_loss:0.9113
[2025-06-17 16:15:11,905]::3117675266::DEBUG::Epoch: 42 , 1-MAE: 0.9127 , 1-Training Loss: 0.9872 , 1-val_avg_o_loss:0.9140 , 1-val_avg_c_loss:0.9144 , 1-val_avg_e_loss:0.8939 , 1-val_avg_a_loss:0.9298 , 1-val_avg_n_loss:0.9113
[2025-06-17 16:16:59,294]::3117675266::DEBUG::Epoch: 43 , 1-MAE: 0.9124 , 1-Training Loss: 0.9881 , 1-val_avg_o_loss:0.9102 , 1-val_avg_c_loss:0.9132 , 1-val_avg_e_loss:0.8960 , 1-val_avg_a_loss:0.9327 , 1-val_avg_n_loss:0.9099
[2025-06-17 16:18:46,324]::3117675266::DEBUG::Epoch: 44 , 1-MAE: 0.9138 , 1-Training Loss: 0.9880 , 1-val_avg_o_loss:0.9116 , 1-val_avg_c_loss:0.9161 , 1-val_avg_e_loss:0.8968 , 1-val_avg_a_loss:0.9317 , 1-val_avg_n_loss:0.9127
[2025-06-17 16:20:33,527]::3117675266::DEBUG::Epoch: 45 , 1-MAE: 0.9117 , 1-Training Loss: 0.9879 , 1-val_avg_o_loss:0.9108 , 1-val_avg_c_loss:0.9147 , 1-val_avg_e_loss:0.8943 , 1-val_avg_a_loss:0.9319 , 1-val_avg_n_loss:0.9070
[2025-06-17 16:22:20,553]::3117675266::DEBUG::Epoch: 46 , 1-MAE: 0.9133 , 1-Training Loss: 0.9882 , 1-val_avg_o_loss:0.9133 , 1-val_avg_c_loss:0.9142 , 1-val_avg_e_loss:0.8968 , 1-val_avg_a_loss:0.9322 , 1-val_avg_n_loss:0.9100
[2025-06-17 16:24:08,333]::3117675266::DEBUG::Epoch: 47 , 1-MAE: 0.9143 , 1-Training Loss: 0.9887 , 1-val_avg_o_loss:0.9153 , 1-val_avg_c_loss:0.9157 , 1-val_avg_e_loss:0.8986 , 1-val_avg_a_loss:0.9308 , 1-val_avg_n_loss:0.9112
[2025-06-17 16:25:55,515]::3117675266::DEBUG::Epoch: 48 , 1-MAE: 0.9130 , 1-Training Loss: 0.9886 , 1-val_avg_o_loss:0.9147 , 1-val_avg_c_loss:0.9129 , 1-val_avg_e_loss:0.8963 , 1-val_avg_a_loss:0.9310 , 1-val_avg_n_loss:0.9102
[2025-06-17 16:27:42,614]::3117675266::DEBUG::Epoch: 49 , 1-MAE: 0.9125 , 1-Training Loss: 0.9885 , 1-val_avg_o_loss:0.9100 , 1-val_avg_c_loss:0.9158 , 1-val_avg_e_loss:0.8983 , 1-val_avg_a_loss:0.9314 , 1-val_avg_n_loss:0.9069
[2025-06-17 16:29:29,767]::3117675266::DEBUG::Epoch: 50 , 1-MAE: 0.9130 , 1-Training Loss: 0.9889 , 1-val_avg_o_loss:0.9117 , 1-val_avg_c_loss:0.9146 , 1-val_avg_e_loss:0.8998 , 1-val_avg_a_loss:0.9286 , 1-val_avg_n_loss:0.9102
[2025-06-17 16:31:16,967]::3117675266::DEBUG::Epoch: 51 , 1-MAE: 0.9140 , 1-Training Loss: 0.9891 , 1-val_avg_o_loss:0.9148 , 1-val_avg_c_loss:0.9167 , 1-val_avg_e_loss:0.8996 , 1-val_avg_a_loss:0.9322 , 1-val_avg_n_loss:0.9067
[2025-06-17 16:33:04,106]::3117675266::DEBUG::Epoch: 52 , 1-MAE: 0.9138 , 1-Training Loss: 0.9893 , 1-val_avg_o_loss:0.9131 , 1-val_avg_c_loss:0.9165 , 1-val_avg_e_loss:0.8988 , 1-val_avg_a_loss:0.9329 , 1-val_avg_n_loss:0.9077
[2025-06-17 16:34:51,602]::3117675266::DEBUG::Epoch: 53 , 1-MAE: 0.9123 , 1-Training Loss: 0.9889 , 1-val_avg_o_loss:0.9119 , 1-val_avg_c_loss:0.9174 , 1-val_avg_e_loss:0.8919 , 1-val_avg_a_loss:0.9321 , 1-val_avg_n_loss:0.9080
[2025-06-17 16:36:38,553]::3117675266::DEBUG::Epoch: 54 , 1-MAE: 0.9138 , 1-Training Loss: 0.9893 , 1-val_avg_o_loss:0.9130 , 1-val_avg_c_loss:0.9162 , 1-val_avg_e_loss:0.8984 , 1-val_avg_a_loss:0.9331 , 1-val_avg_n_loss:0.9084
[2025-06-17 16:38:25,422]::3117675266::DEBUG::Epoch: 55 , 1-MAE: 0.9129 , 1-Training Loss: 0.9893 , 1-val_avg_o_loss:0.9116 , 1-val_avg_c_loss:0.9147 , 1-val_avg_e_loss:0.8986 , 1-val_avg_a_loss:0.9294 , 1-val_avg_n_loss:0.9103
[2025-06-17 16:40:12,469]::3117675266::DEBUG::Epoch: 56 , 1-MAE: 0.9135 , 1-Training Loss: 0.9896 , 1-val_avg_o_loss:0.9140 , 1-val_avg_c_loss:0.9169 , 1-val_avg_e_loss:0.8961 , 1-val_avg_a_loss:0.9318 , 1-val_avg_n_loss:0.9089
[2025-06-17 16:41:59,441]::3117675266::DEBUG::Epoch: 57 , 1-MAE: 0.9130 , 1-Training Loss: 0.9896 , 1-val_avg_o_loss:0.9139 , 1-val_avg_c_loss:0.9136 , 1-val_avg_e_loss:0.8960 , 1-val_avg_a_loss:0.9331 , 1-val_avg_n_loss:0.9086
[2025-06-17 16:43:46,717]::3117675266::DEBUG::Epoch: 58 , 1-MAE: 0.9139 , 1-Training Loss: 0.9895 , 1-val_avg_o_loss:0.9143 , 1-val_avg_c_loss:0.9147 , 1-val_avg_e_loss:0.8981 , 1-val_avg_a_loss:0.9322 , 1-val_avg_n_loss:0.9101
[2025-06-17 16:45:33,766]::3117675266::DEBUG::Epoch: 59 , 1-MAE: 0.9124 , 1-Training Loss: 0.9899 , 1-val_avg_o_loss:0.9123 , 1-val_avg_c_loss:0.9138 , 1-val_avg_e_loss:0.8964 , 1-val_avg_a_loss:0.9331 , 1-val_avg_n_loss:0.9063
[2025-06-17 16:47:20,703]::3117675266::DEBUG::Epoch: 60 , 1-MAE: 0.9130 , 1-Training Loss: 0.9900 , 1-val_avg_o_loss:0.9123 , 1-val_avg_c_loss:0.9142 , 1-val_avg_e_loss:0.8971 , 1-val_avg_a_loss:0.9330 , 1-val_avg_n_loss:0.9084
[2025-06-17 16:49:07,712]::3117675266::DEBUG::Epoch: 61 , 1-MAE: 0.9131 , 1-Training Loss: 0.9902 , 1-val_avg_o_loss:0.9133 , 1-val_avg_c_loss:0.9155 , 1-val_avg_e_loss:0.8968 , 1-val_avg_a_loss:0.9328 , 1-val_avg_n_loss:0.9070
[2025-06-17 16:50:54,912]::3117675266::DEBUG::Epoch: 62 , 1-MAE: 0.9130 , 1-Training Loss: 0.9904 , 1-val_avg_o_loss:0.9122 , 1-val_avg_c_loss:0.9146 , 1-val_avg_e_loss:0.8984 , 1-val_avg_a_loss:0.9324 , 1-val_avg_n_loss:0.9074
[2025-06-17 16:52:41,953]::3117675266::DEBUG::Epoch: 63 , 1-MAE: 0.9130 , 1-Training Loss: 0.9908 , 1-val_avg_o_loss:0.9114 , 1-val_avg_c_loss:0.9150 , 1-val_avg_e_loss:0.8977 , 1-val_avg_a_loss:0.9324 , 1-val_avg_n_loss:0.9087
[2025-06-17 16:54:29,033]::3117675266::DEBUG::Epoch: 64 , 1-MAE: 0.9135 , 1-Training Loss: 0.9902 , 1-val_avg_o_loss:0.9142 , 1-val_avg_c_loss:0.9161 , 1-val_avg_e_loss:0.8972 , 1-val_avg_a_loss:0.9322 , 1-val_avg_n_loss:0.9076
[2025-06-17 16:56:15,920]::3117675266::DEBUG::Epoch: 65 , 1-MAE: 0.9136 , 1-Training Loss: 0.9905 , 1-val_avg_o_loss:0.9124 , 1-val_avg_c_loss:0.9164 , 1-val_avg_e_loss:0.8979 , 1-val_avg_a_loss:0.9306 , 1-val_avg_n_loss:0.9108
[2025-06-17 16:58:02,930]::3117675266::DEBUG::Epoch: 66 , 1-MAE: 0.9128 , 1-Training Loss: 0.9907 , 1-val_avg_o_loss:0.9130 , 1-val_avg_c_loss:0.9180 , 1-val_avg_e_loss:0.8964 , 1-val_avg_a_loss:0.9288 , 1-val_avg_n_loss:0.9077
[2025-06-17 16:59:50,021]::3117675266::DEBUG::Epoch: 67 , 1-MAE: 0.9130 , 1-Training Loss: 0.9911 , 1-val_avg_o_loss:0.9138 , 1-val_avg_c_loss:0.9160 , 1-val_avg_e_loss:0.8967 , 1-val_avg_a_loss:0.9298 , 1-val_avg_n_loss:0.9090
[2025-06-17 17:01:36,695]::3117675266::DEBUG::Epoch: 68 , 1-MAE: 0.9132 , 1-Training Loss: 0.9906 , 1-val_avg_o_loss:0.9157 , 1-val_avg_c_loss:0.9156 , 1-val_avg_e_loss:0.8951 , 1-val_avg_a_loss:0.9303 , 1-val_avg_n_loss:0.9092
[2025-06-17 17:03:23,465]::3117675266::DEBUG::Epoch: 69 , 1-MAE: 0.9141 , 1-Training Loss: 0.9908 , 1-val_avg_o_loss:0.9142 , 1-val_avg_c_loss:0.9167 , 1-val_avg_e_loss:0.8979 , 1-val_avg_a_loss:0.9324 , 1-val_avg_n_loss:0.9092
[2025-06-17 17:05:10,331]::3117675266::DEBUG::Epoch: 70 , 1-MAE: 0.9138 , 1-Training Loss: 0.9908 , 1-val_avg_o_loss:0.9136 , 1-val_avg_c_loss:0.9166 , 1-val_avg_e_loss:0.8981 , 1-val_avg_a_loss:0.9311 , 1-val_avg_n_loss:0.9097
[2025-06-17 17:06:57,365]::3117675266::DEBUG::Epoch: 71 , 1-MAE: 0.9132 , 1-Training Loss: 0.9910 , 1-val_avg_o_loss:0.9134 , 1-val_avg_c_loss:0.9154 , 1-val_avg_e_loss:0.8978 , 1-val_avg_a_loss:0.9315 , 1-val_avg_n_loss:0.9079
[2025-06-17 17:08:44,223]::3117675266::DEBUG::Epoch: 72 , 1-MAE: 0.9129 , 1-Training Loss: 0.9910 , 1-val_avg_o_loss:0.9129 , 1-val_avg_c_loss:0.9157 , 1-val_avg_e_loss:0.8979 , 1-val_avg_a_loss:0.9307 , 1-val_avg_n_loss:0.9076
[2025-06-17 17:10:31,141]::3117675266::DEBUG::Epoch: 73 , 1-MAE: 0.9134 , 1-Training Loss: 0.9913 , 1-val_avg_o_loss:0.9127 , 1-val_avg_c_loss:0.9170 , 1-val_avg_e_loss:0.8960 , 1-val_avg_a_loss:0.9315 , 1-val_avg_n_loss:0.9099
[2025-06-17 17:12:17,855]::3117675266::DEBUG::Epoch: 74 , 1-MAE: 0.9142 , 1-Training Loss: 0.9912 , 1-val_avg_o_loss:0.9142 , 1-val_avg_c_loss:0.9156 , 1-val_avg_e_loss:0.8994 , 1-val_avg_a_loss:0.9320 , 1-val_avg_n_loss:0.9097
[2025-06-17 17:14:04,702]::3117675266::DEBUG::Epoch: 75 , 1-MAE: 0.9131 , 1-Training Loss: 0.9913 , 1-val_avg_o_loss:0.9123 , 1-val_avg_c_loss:0.9169 , 1-val_avg_e_loss:0.8973 , 1-val_avg_a_loss:0.9300 , 1-val_avg_n_loss:0.9089
[2025-06-17 17:15:51,619]::3117675266::DEBUG::Epoch: 76 , 1-MAE: 0.9129 , 1-Training Loss: 0.9914 , 1-val_avg_o_loss:0.9135 , 1-val_avg_c_loss:0.9159 , 1-val_avg_e_loss:0.8954 , 1-val_avg_a_loss:0.9332 , 1-val_avg_n_loss:0.9067
[2025-06-17 17:17:38,630]::3117675266::DEBUG::Epoch: 77 , 1-MAE: 0.9135 , 1-Training Loss: 0.9914 , 1-val_avg_o_loss:0.9149 , 1-val_avg_c_loss:0.9164 , 1-val_avg_e_loss:0.8975 , 1-val_avg_a_loss:0.9317 , 1-val_avg_n_loss:0.9071
[2025-06-17 17:19:25,449]::3117675266::DEBUG::Epoch: 78 , 1-MAE: 0.9139 , 1-Training Loss: 0.9915 , 1-val_avg_o_loss:0.9139 , 1-val_avg_c_loss:0.9164 , 1-val_avg_e_loss:0.8978 , 1-val_avg_a_loss:0.9317 , 1-val_avg_n_loss:0.9099
[2025-06-17 17:21:12,500]::3117675266::DEBUG::Epoch: 79 , 1-MAE: 0.9124 , 1-Training Loss: 0.9915 , 1-val_avg_o_loss:0.9134 , 1-val_avg_c_loss:0.9163 , 1-val_avg_e_loss:0.8948 , 1-val_avg_a_loss:0.9292 , 1-val_avg_n_loss:0.9085
[2025-06-17 17:22:59,712]::3117675266::DEBUG::Epoch: 80 , 1-MAE: 0.9133 , 1-Training Loss: 0.9918 , 1-val_avg_o_loss:0.9136 , 1-val_avg_c_loss:0.9167 , 1-val_avg_e_loss:0.8978 , 1-val_avg_a_loss:0.9324 , 1-val_avg_n_loss:0.9062
[2025-06-17 17:24:47,058]::3117675266::DEBUG::Epoch: 81 , 1-MAE: 0.9135 , 1-Training Loss: 0.9916 , 1-val_avg_o_loss:0.9119 , 1-val_avg_c_loss:0.9170 , 1-val_avg_e_loss:0.8977 , 1-val_avg_a_loss:0.9317 , 1-val_avg_n_loss:0.9094
[2025-06-17 17:26:34,267]::3117675266::DEBUG::Epoch: 82 , 1-MAE: 0.9142 , 1-Training Loss: 0.9919 , 1-val_avg_o_loss:0.9136 , 1-val_avg_c_loss:0.9177 , 1-val_avg_e_loss:0.8993 , 1-val_avg_a_loss:0.9328 , 1-val_avg_n_loss:0.9074
[2025-06-17 17:28:21,589]::3117675266::DEBUG::Epoch: 83 , 1-MAE: 0.9139 , 1-Training Loss: 0.9916 , 1-val_avg_o_loss:0.9136 , 1-val_avg_c_loss:0.9172 , 1-val_avg_e_loss:0.8987 , 1-val_avg_a_loss:0.9312 , 1-val_avg_n_loss:0.9091
[2025-06-17 17:30:08,842]::3117675266::DEBUG::Epoch: 84 , 1-MAE: 0.9136 , 1-Training Loss: 0.9921 , 1-val_avg_o_loss:0.9136 , 1-val_avg_c_loss:0.9173 , 1-val_avg_e_loss:0.8970 , 1-val_avg_a_loss:0.9308 , 1-val_avg_n_loss:0.9092
[2025-06-17 17:31:56,106]::3117675266::DEBUG::Epoch: 85 , 1-MAE: 0.9126 , 1-Training Loss: 0.9918 , 1-val_avg_o_loss:0.9124 , 1-val_avg_c_loss:0.9163 , 1-val_avg_e_loss:0.8972 , 1-val_avg_a_loss:0.9300 , 1-val_avg_n_loss:0.9073
[2025-06-17 17:33:43,406]::3117675266::DEBUG::Epoch: 86 , 1-MAE: 0.9134 , 1-Training Loss: 0.9920 , 1-val_avg_o_loss:0.9130 , 1-val_avg_c_loss:0.9164 , 1-val_avg_e_loss:0.8998 , 1-val_avg_a_loss:0.9308 , 1-val_avg_n_loss:0.9068
[2025-06-17 17:35:31,067]::3117675266::DEBUG::Epoch: 87 , 1-MAE: 0.9136 , 1-Training Loss: 0.9924 , 1-val_avg_o_loss:0.9150 , 1-val_avg_c_loss:0.9156 , 1-val_avg_e_loss:0.8987 , 1-val_avg_a_loss:0.9299 , 1-val_avg_n_loss:0.9088
[2025-06-17 17:37:18,715]::3117675266::DEBUG::Epoch: 88 , 1-MAE: 0.9139 , 1-Training Loss: 0.9922 , 1-val_avg_o_loss:0.9140 , 1-val_avg_c_loss:0.9170 , 1-val_avg_e_loss:0.8985 , 1-val_avg_a_loss:0.9328 , 1-val_avg_n_loss:0.9070
[2025-06-17 17:39:06,190]::3117675266::DEBUG::Epoch: 89 , 1-MAE: 0.9137 , 1-Training Loss: 0.9921 , 1-val_avg_o_loss:0.9165 , 1-val_avg_c_loss:0.9152 , 1-val_avg_e_loss:0.8972 , 1-val_avg_a_loss:0.9293 , 1-val_avg_n_loss:0.9102
[2025-06-17 17:40:53,667]::3117675266::DEBUG::Epoch: 90 , 1-MAE: 0.9140 , 1-Training Loss: 0.9924 , 1-val_avg_o_loss:0.9149 , 1-val_avg_c_loss:0.9177 , 1-val_avg_e_loss:0.8970 , 1-val_avg_a_loss:0.9306 , 1-val_avg_n_loss:0.9096
[2025-06-17 17:42:41,044]::3117675266::DEBUG::Epoch: 91 , 1-MAE: 0.9138 , 1-Training Loss: 0.9922 , 1-val_avg_o_loss:0.9156 , 1-val_avg_c_loss:0.9152 , 1-val_avg_e_loss:0.8975 , 1-val_avg_a_loss:0.9315 , 1-val_avg_n_loss:0.9091
[2025-06-17 17:44:28,451]::3117675266::DEBUG::Epoch: 92 , 1-MAE: 0.9131 , 1-Training Loss: 0.9923 , 1-val_avg_o_loss:0.9144 , 1-val_avg_c_loss:0.9167 , 1-val_avg_e_loss:0.8960 , 1-val_avg_a_loss:0.9315 , 1-val_avg_n_loss:0.9067
[2025-06-17 17:46:15,637]::3117675266::DEBUG::Epoch: 93 , 1-MAE: 0.9137 , 1-Training Loss: 0.9925 , 1-val_avg_o_loss:0.9158 , 1-val_avg_c_loss:0.9167 , 1-val_avg_e_loss:0.8979 , 1-val_avg_a_loss:0.9309 , 1-val_avg_n_loss:0.9071
[2025-06-17 17:48:02,484]::3117675266::DEBUG::Epoch: 94 , 1-MAE: 0.9133 , 1-Training Loss: 0.9924 , 1-val_avg_o_loss:0.9140 , 1-val_avg_c_loss:0.9143 , 1-val_avg_e_loss:0.8992 , 1-val_avg_a_loss:0.9313 , 1-val_avg_n_loss:0.9078
[2025-06-17 17:49:49,710]::3117675266::DEBUG::Epoch: 95 , 1-MAE: 0.9131 , 1-Training Loss: 0.9926 , 1-val_avg_o_loss:0.9145 , 1-val_avg_c_loss:0.9155 , 1-val_avg_e_loss:0.8953 , 1-val_avg_a_loss:0.9315 , 1-val_avg_n_loss:0.9085
[2025-06-17 17:51:37,312]::3117675266::DEBUG::Epoch: 96 , 1-MAE: 0.9129 , 1-Training Loss: 0.9927 , 1-val_avg_o_loss:0.9141 , 1-val_avg_c_loss:0.9149 , 1-val_avg_e_loss:0.8979 , 1-val_avg_a_loss:0.9305 , 1-val_avg_n_loss:0.9071
[2025-06-17 17:53:24,958]::3117675266::DEBUG::Epoch: 97 , 1-MAE: 0.9137 , 1-Training Loss: 0.9926 , 1-val_avg_o_loss:0.9131 , 1-val_avg_c_loss:0.9172 , 1-val_avg_e_loss:0.8990 , 1-val_avg_a_loss:0.9308 , 1-val_avg_n_loss:0.9082
[2025-06-17 17:55:12,474]::3117675266::DEBUG::Epoch: 98 , 1-MAE: 0.9135 , 1-Training Loss: 0.9926 , 1-val_avg_o_loss:0.9132 , 1-val_avg_c_loss:0.9157 , 1-val_avg_e_loss:0.8973 , 1-val_avg_a_loss:0.9316 , 1-val_avg_n_loss:0.9096
[2025-06-17 17:56:59,821]::3117675266::DEBUG::Epoch: 99 , 1-MAE: 0.9133 , 1-Training Loss: 0.9928 , 1-val_avg_o_loss:0.9144 , 1-val_avg_c_loss:0.9154 , 1-val_avg_e_loss:0.8965 , 1-val_avg_a_loss:0.9318 , 1-val_avg_n_loss:0.9085
[2025-06-17 17:58:47,412]::3117675266::DEBUG::Epoch: 100 , 1-MAE: 0.9135 , 1-Training Loss: 0.9927 , 1-val_avg_o_loss:0.9139 , 1-val_avg_c_loss:0.9165 , 1-val_avg_e_loss:0.8971 , 1-val_avg_a_loss:0.9318 , 1-val_avg_n_loss:0.9081
[2025-06-17 18:00:34,632]::3117675266::DEBUG::Epoch: 101 , 1-MAE: 0.9132 , 1-Training Loss: 0.9929 , 1-val_avg_o_loss:0.9143 , 1-val_avg_c_loss:0.9161 , 1-val_avg_e_loss:0.8968 , 1-val_avg_a_loss:0.9305 , 1-val_avg_n_loss:0.9081
[2025-06-17 18:02:21,737]::3117675266::DEBUG::Epoch: 102 , 1-MAE: 0.9128 , 1-Training Loss: 0.9927 , 1-val_avg_o_loss:0.9134 , 1-val_avg_c_loss:0.9165 , 1-val_avg_e_loss:0.8949 , 1-val_avg_a_loss:0.9312 , 1-val_avg_n_loss:0.9078
[2025-06-17 18:04:08,955]::3117675266::DEBUG::Epoch: 103 , 1-MAE: 0.9136 , 1-Training Loss: 0.9929 , 1-val_avg_o_loss:0.9143 , 1-val_avg_c_loss:0.9164 , 1-val_avg_e_loss:0.8983 , 1-val_avg_a_loss:0.9312 , 1-val_avg_n_loss:0.9077
[2025-06-17 18:05:56,002]::3117675266::DEBUG::Epoch: 104 , 1-MAE: 0.9129 , 1-Training Loss: 0.9929 , 1-val_avg_o_loss:0.9143 , 1-val_avg_c_loss:0.9151 , 1-val_avg_e_loss:0.8977 , 1-val_avg_a_loss:0.9301 , 1-val_avg_n_loss:0.9075
[2025-06-17 18:07:43,454]::3117675266::DEBUG::Epoch: 105 , 1-MAE: 0.9141 , 1-Training Loss: 0.9929 , 1-val_avg_o_loss:0.9139 , 1-val_avg_c_loss:0.9166 , 1-val_avg_e_loss:0.8993 , 1-val_avg_a_loss:0.9320 , 1-val_avg_n_loss:0.9085
[2025-06-17 18:09:30,664]::3117675266::DEBUG::Epoch: 106 , 1-MAE: 0.9136 , 1-Training Loss: 0.9931 , 1-val_avg_o_loss:0.9128 , 1-val_avg_c_loss:0.9169 , 1-val_avg_e_loss:0.8973 , 1-val_avg_a_loss:0.9320 , 1-val_avg_n_loss:0.9091
[2025-06-17 18:11:17,977]::3117675266::DEBUG::Epoch: 107 , 1-MAE: 0.9130 , 1-Training Loss: 0.9932 , 1-val_avg_o_loss:0.9127 , 1-val_avg_c_loss:0.9158 , 1-val_avg_e_loss:0.8970 , 1-val_avg_a_loss:0.9310 , 1-val_avg_n_loss:0.9083
[2025-06-17 18:13:05,376]::3117675266::DEBUG::Epoch: 108 , 1-MAE: 0.9131 , 1-Training Loss: 0.9930 , 1-val_avg_o_loss:0.9126 , 1-val_avg_c_loss:0.9164 , 1-val_avg_e_loss:0.8979 , 1-val_avg_a_loss:0.9318 , 1-val_avg_n_loss:0.9070
[2025-06-17 18:14:52,709]::3117675266::DEBUG::Epoch: 109 , 1-MAE: 0.9131 , 1-Training Loss: 0.9930 , 1-val_avg_o_loss:0.9137 , 1-val_avg_c_loss:0.9150 , 1-val_avg_e_loss:0.8992 , 1-val_avg_a_loss:0.9303 , 1-val_avg_n_loss:0.9075
[2025-06-17 18:16:39,835]::3117675266::DEBUG::Epoch: 110 , 1-MAE: 0.9133 , 1-Training Loss: 0.9932 , 1-val_avg_o_loss:0.9152 , 1-val_avg_c_loss:0.9157 , 1-val_avg_e_loss:0.8968 , 1-val_avg_a_loss:0.9326 , 1-val_avg_n_loss:0.9060
[2025-06-17 18:18:27,207]::3117675266::DEBUG::Epoch: 111 , 1-MAE: 0.9128 , 1-Training Loss: 0.9933 , 1-val_avg_o_loss:0.9145 , 1-val_avg_c_loss:0.9142 , 1-val_avg_e_loss:0.8962 , 1-val_avg_a_loss:0.9303 , 1-val_avg_n_loss:0.9087
[2025-06-17 18:20:14,608]::3117675266::DEBUG::Epoch: 112 , 1-MAE: 0.9134 , 1-Training Loss: 0.9930 , 1-val_avg_o_loss:0.9143 , 1-val_avg_c_loss:0.9167 , 1-val_avg_e_loss:0.8964 , 1-val_avg_a_loss:0.9313 , 1-val_avg_n_loss:0.9081
[2025-06-17 18:22:01,959]::3117675266::DEBUG::Epoch: 113 , 1-MAE: 0.9131 , 1-Training Loss: 0.9935 , 1-val_avg_o_loss:0.9123 , 1-val_avg_c_loss:0.9165 , 1-val_avg_e_loss:0.8982 , 1-val_avg_a_loss:0.9314 , 1-val_avg_n_loss:0.9072
[2025-06-17 18:23:49,279]::3117675266::DEBUG::Epoch: 114 , 1-MAE: 0.9127 , 1-Training Loss: 0.9935 , 1-val_avg_o_loss:0.9111 , 1-val_avg_c_loss:0.9155 , 1-val_avg_e_loss:0.8974 , 1-val_avg_a_loss:0.9316 , 1-val_avg_n_loss:0.9078
[2025-06-17 18:25:36,395]::3117675266::DEBUG::Epoch: 115 , 1-MAE: 0.9128 , 1-Training Loss: 0.9935 , 1-val_avg_o_loss:0.9105 , 1-val_avg_c_loss:0.9168 , 1-val_avg_e_loss:0.8983 , 1-val_avg_a_loss:0.9304 , 1-val_avg_n_loss:0.9080
[2025-06-17 18:27:23,323]::3117675266::DEBUG::Epoch: 116 , 1-MAE: 0.9132 , 1-Training Loss: 0.9933 , 1-val_avg_o_loss:0.9131 , 1-val_avg_c_loss:0.9167 , 1-val_avg_e_loss:0.8976 , 1-val_avg_a_loss:0.9323 , 1-val_avg_n_loss:0.9063
[2025-06-17 18:29:10,008]::3117675266::DEBUG::Epoch: 117 , 1-MAE: 0.9131 , 1-Training Loss: 0.9935 , 1-val_avg_o_loss:0.9130 , 1-val_avg_c_loss:0.9166 , 1-val_avg_e_loss:0.8969 , 1-val_avg_a_loss:0.9324 , 1-val_avg_n_loss:0.9066
[2025-06-17 18:30:56,655]::3117675266::DEBUG::Epoch: 118 , 1-MAE: 0.9130 , 1-Training Loss: 0.9935 , 1-val_avg_o_loss:0.9132 , 1-val_avg_c_loss:0.9167 , 1-val_avg_e_loss:0.8977 , 1-val_avg_a_loss:0.9308 , 1-val_avg_n_loss:0.9065
[2025-06-17 18:32:43,426]::3117675266::DEBUG::Epoch: 119 , 1-MAE: 0.9137 , 1-Training Loss: 0.9935 , 1-val_avg_o_loss:0.9143 , 1-val_avg_c_loss:0.9161 , 1-val_avg_e_loss:0.8990 , 1-val_avg_a_loss:0.9310 , 1-val_avg_n_loss:0.9081
[2025-06-17 18:34:30,271]::3117675266::DEBUG::Epoch: 120 , 1-MAE: 0.9133 , 1-Training Loss: 0.9937 , 1-val_avg_o_loss:0.9126 , 1-val_avg_c_loss:0.9168 , 1-val_avg_e_loss:0.8966 , 1-val_avg_a_loss:0.9318 , 1-val_avg_n_loss:0.9087
